<html>
<body>
<pre>
<h1>µVision Build Log</h1>
<h2>Project:</h2>
C:\AP2\Qsync\A_WuYang\F429_BT\F429_SmartSensor\Project-01.uvproj
Project File Date:  05/18/2015

<h2>Output:</h2>
Build target 'F429'
compiling main.c...
linking...
Program Size: Code=4184 RO-data=460 RW-data=44 ZI-data=1028  
FromELF: creating hex file...
".\output\Project.axf" - 0 Error(s), 0 Warning(s).
Load "C:\\AP2\\Qsync\\A_WuYang\\F429_BT\\F429_SmartSensor\\output\\Project.axf" 
Erase Done.
Programming Done.
Verify OK.
Application running ...
Load "C:\\AP2\\Qsync\\A_WuYang\\F429_BT\\F429_SmartSensor\\output\\Project.axf" 
Erase Done.
Programming Done.
Verify OK.
Application running ...

 Done.
Verify OK.
Application running ...
\output\Project.axf: Error: L6218E: Undefined symbol SmartSensorTimeOutFlag (referred from main.o).
Not enough information to list image symbols.
Finished: 1 information, 0 warning and 1 error messages.
".\output\Project.axf" - 1 Error(s), 3 Warning(s).
Target not created
