Component: ARM Compiler 5.05 update 2 (build 169) Tool: armlink [4d0f33]

==============================================================================

Section Cross References

    startup_stm32f429_439xx.o(RESET) refers to startup_stm32f429_439xx.o(STACK) for __initial_sp
    startup_stm32f429_439xx.o(RESET) refers to startup_stm32f429_439xx.o(.text) for Reset_Handler
    startup_stm32f429_439xx.o(RESET) refers to stm32f4xx_it.o(i.NMI_Handler) for NMI_Handler
    startup_stm32f429_439xx.o(RESET) refers to stm32f4xx_it.o(i.HardFault_Handler) for HardFault_Handler
    startup_stm32f429_439xx.o(RESET) refers to stm32f4xx_it.o(i.MemManage_Handler) for MemManage_Handler
    startup_stm32f429_439xx.o(RESET) refers to stm32f4xx_it.o(i.BusFault_Handler) for BusFault_Handler
    startup_stm32f429_439xx.o(RESET) refers to stm32f4xx_it.o(i.UsageFault_Handler) for UsageFault_Handler
    startup_stm32f429_439xx.o(RESET) refers to stm32f4xx_it.o(i.SVC_Handler) for SVC_Handler
    startup_stm32f429_439xx.o(RESET) refers to stm32f4xx_it.o(i.DebugMon_Handler) for DebugMon_Handler
    startup_stm32f429_439xx.o(RESET) refers to stm32f4xx_it.o(i.PendSV_Handler) for PendSV_Handler
    startup_stm32f429_439xx.o(RESET) refers to stm32f4xx_it.o(i.SysTick_Handler) for SysTick_Handler
    startup_stm32f429_439xx.o(RESET) refers to stm32f4xx_it.o(i.TIM2_IRQHandler) for TIM2_IRQHandler
    startup_stm32f429_439xx.o(RESET) refers to stm32f4xx_it.o(i.USART1_IRQHandler) for USART1_IRQHandler
    startup_stm32f429_439xx.o(.text) refers to system_stm32f4xx.o(i.SystemInit) for SystemInit
    startup_stm32f429_439xx.o(.text) refers to entry.o(.ARM.Collect$$$$00000000) for __main
    stm32f4xx_gpio.o(i.GPIO_DeInit) refers to stm32f4xx_rcc.o(i.RCC_AHB1PeriphResetCmd) for RCC_AHB1PeriphResetCmd
    stm32f4xx_usart.o(i.USART_DeInit) refers to stm32f4xx_rcc.o(i.RCC_APB2PeriphResetCmd) for RCC_APB2PeriphResetCmd
    stm32f4xx_usart.o(i.USART_DeInit) refers to stm32f4xx_rcc.o(i.RCC_APB1PeriphResetCmd) for RCC_APB1PeriphResetCmd
    stm32f4xx_usart.o(i.USART_Init) refers to stm32f4xx_rcc.o(i.RCC_GetClocksFreq) for RCC_GetClocksFreq
    stm32f4xx_rcc.o(i.RCC_GetClocksFreq) refers to stm32f4xx_rcc.o(.data) for APBAHBPrescTable
    stm32f4xx_rcc.o(i.RCC_WaitForHSEStartUp) refers to stm32f4xx_rcc.o(i.RCC_GetFlagStatus) for RCC_GetFlagStatus
    stm32f4xx_tim.o(i.TIM_DeInit) refers to stm32f4xx_rcc.o(i.RCC_APB2PeriphResetCmd) for RCC_APB2PeriphResetCmd
    stm32f4xx_tim.o(i.TIM_DeInit) refers to stm32f4xx_rcc.o(i.RCC_APB1PeriphResetCmd) for RCC_APB1PeriphResetCmd
    stm32f4xx_tim.o(i.TIM_ETRClockMode1Config) refers to stm32f4xx_tim.o(i.TIM_ETRConfig) for TIM_ETRConfig
    stm32f4xx_tim.o(i.TIM_ETRClockMode2Config) refers to stm32f4xx_tim.o(i.TIM_ETRConfig) for TIM_ETRConfig
    stm32f4xx_tim.o(i.TIM_ICInit) refers to stm32f4xx_tim.o(i.TI1_Config) for TI1_Config
    stm32f4xx_tim.o(i.TIM_ICInit) refers to stm32f4xx_tim.o(i.TIM_SetIC1Prescaler) for TIM_SetIC1Prescaler
    stm32f4xx_tim.o(i.TIM_ICInit) refers to stm32f4xx_tim.o(i.TI2_Config) for TI2_Config
    stm32f4xx_tim.o(i.TIM_ICInit) refers to stm32f4xx_tim.o(i.TIM_SetIC2Prescaler) for TIM_SetIC2Prescaler
    stm32f4xx_tim.o(i.TIM_ICInit) refers to stm32f4xx_tim.o(i.TI3_Config) for TI3_Config
    stm32f4xx_tim.o(i.TIM_ICInit) refers to stm32f4xx_tim.o(i.TIM_SetIC3Prescaler) for TIM_SetIC3Prescaler
    stm32f4xx_tim.o(i.TIM_ICInit) refers to stm32f4xx_tim.o(i.TI4_Config) for TI4_Config
    stm32f4xx_tim.o(i.TIM_ICInit) refers to stm32f4xx_tim.o(i.TIM_SetIC4Prescaler) for TIM_SetIC4Prescaler
    stm32f4xx_tim.o(i.TIM_ITRxExternalClockConfig) refers to stm32f4xx_tim.o(i.TIM_SelectInputTrigger) for TIM_SelectInputTrigger
    stm32f4xx_tim.o(i.TIM_PWMIConfig) refers to stm32f4xx_tim.o(i.TI1_Config) for TI1_Config
    stm32f4xx_tim.o(i.TIM_PWMIConfig) refers to stm32f4xx_tim.o(i.TIM_SetIC1Prescaler) for TIM_SetIC1Prescaler
    stm32f4xx_tim.o(i.TIM_PWMIConfig) refers to stm32f4xx_tim.o(i.TI2_Config) for TI2_Config
    stm32f4xx_tim.o(i.TIM_PWMIConfig) refers to stm32f4xx_tim.o(i.TIM_SetIC2Prescaler) for TIM_SetIC2Prescaler
    stm32f4xx_tim.o(i.TIM_TIxExternalClockConfig) refers to stm32f4xx_tim.o(i.TI2_Config) for TI2_Config
    stm32f4xx_tim.o(i.TIM_TIxExternalClockConfig) refers to stm32f4xx_tim.o(i.TI1_Config) for TI1_Config
    stm32f4xx_tim.o(i.TIM_TIxExternalClockConfig) refers to stm32f4xx_tim.o(i.TIM_SelectInputTrigger) for TIM_SelectInputTrigger
    stm32f4xx_spi.o(i.SPI_I2S_DeInit) refers to stm32f4xx_rcc.o(i.RCC_APB2PeriphResetCmd) for RCC_APB2PeriphResetCmd
    stm32f4xx_spi.o(i.SPI_I2S_DeInit) refers to stm32f4xx_rcc.o(i.RCC_APB1PeriphResetCmd) for RCC_APB1PeriphResetCmd
    stm32f4xx_flash.o(i.FLASH_EraseAllBank1Sectors) refers to stm32f4xx_flash.o(i.FLASH_WaitForLastOperation) for FLASH_WaitForLastOperation
    stm32f4xx_flash.o(i.FLASH_EraseAllBank2Sectors) refers to stm32f4xx_flash.o(i.FLASH_WaitForLastOperation) for FLASH_WaitForLastOperation
[...]
    Removing stm32f4xx_rcc.o(i.RCC_PLLSAIConfig), (24 bytes).
    Removing stm32f4xx_rcc.o(i.RCC_RTCCLKCmd), (12 bytes).
    Removing stm32f4xx_rcc.o(i.RCC_RTCCLKConfig), (60 bytes).
    Removing stm32f4xx_rcc.o(i.RCC_SAIBlockACLKConfig), (24 bytes).
    Removing stm32f4xx_rcc.o(i.RCC_SAIBlockBCLKConfig), (24 bytes).
    Removing stm32f4xx_rcc.o(i.RCC_SAIPLLI2SClkDivConfig), (28 bytes).
    Removing stm32f4xx_rcc.o(i.RCC_SAIPLLSAIClkDivConfig), (28 bytes).
    Removing stm32f4xx_rcc.o(i.RCC_SYSCLKConfig), (24 bytes).
    Removing stm32f4xx_rcc.o(i.RCC_WaitForHSEStartUp), (56 bytes).
    Removing stm32f4xx_tim.o(.rev16_text), (4 bytes).
    Removing stm32f4xx_tim.o(.revsh_text), (4 bytes).
    Removing stm32f4xx_tim.o(i.TI1_Config), (58 bytes).
    Removing stm32f4xx_tim.o(i.TI2_Config), (80 bytes).
    Removing stm32f4xx_tim.o(i.TI3_Config), (72 bytes).
    Removing stm32f4xx_tim.o(i.TI4_Config), (80 bytes).
    Removing stm32f4xx_tim.o(i.TIM_ARRPreloadConfig), (24 bytes).
    Removing stm32f4xx_tim.o(i.TIM_BDTRConfig), (32 bytes).
    Removing stm32f4xx_tim.o(i.TIM_BDTRStructInit), (18 bytes).
    Removing stm32f4xx_tim.o(i.TIM_CCPreloadControl), (24 bytes).
    Removing stm32f4xx_tim.o(i.TIM_CCxCmd), (30 bytes).
    Removing stm32f4xx_tim.o(i.TIM_CCxNCmd), (30 bytes).
    Removing stm32f4xx_tim.o(i.TIM_ClearOC1Ref), (18 bytes).
    Removing stm32f4xx_tim.o(i.TIM_ClearOC2Ref), (24 bytes).
    Removing stm32f4xx_tim.o(i.TIM_ClearOC3Ref), (18 bytes).
    Removing stm32f4xx_tim.o(i.TIM_ClearOC4Ref), (24 bytes).
    Removing stm32f4xx_tim.o(i.TIM_CounterModeConfig), (18 bytes).
    Removing stm32f4xx_tim.o(i.TIM_CtrlPWMOutputs), (30 bytes).
    Removing stm32f4xx_tim.o(i.TIM_DMACmd), (18 bytes).
    Removing stm32f4xx_tim.o(i.TIM_DMAConfig), (10 bytes).
    Removing stm32f4xx_tim.o(i.TIM_ETRClockMode1Config), (54 bytes).
    Removing stm32f4xx_tim.o(i.TIM_ETRClockMode2Config), (32 bytes).
    Removing stm32f4xx_tim.o(i.TIM_ETRConfig), (28 bytes).
    Removing stm32f4xx_tim.o(i.TIM_EncoderInterfaceConfig), (66 bytes).
    Removing stm32f4xx_tim.o(i.TIM_ForcedOC1Config), (18 bytes).
    Removing stm32f4xx_tim.o(i.TIM_ForcedOC2Config), (26 bytes).
    Removing stm32f4xx_tim.o(i.TIM_ForcedOC3Config), (18 bytes).
    Removing stm32f4xx_tim.o(i.TIM_ForcedOC4Config), (26 bytes).
    Removing stm32f4xx_tim.o(i.TIM_GenerateEvent), (4 bytes).
    Removing stm32f4xx_tim.o(i.TIM_GetCapture1), (6 bytes).
    Removing stm32f4xx_tim.o(i.TIM_GetCapture2), (6 bytes).
    Removing stm32f4xx_tim.o(i.TIM_GetCapture3), (6 bytes).
    Removing stm32f4xx_tim.o(i.TIM_GetCapture4), (6 bytes).
    Removing stm32f4xx_tim.o(i.TIM_GetCounter), (6 bytes).
    Removing stm32f4xx_tim.o(i.TIM_GetFlagStatus), (18 bytes).
    Removing stm32f4xx_tim.o(i.TIM_GetITStatus), (34 bytes).
    Removing stm32f4xx_tim.o(i.TIM_GetPrescaler), (6 bytes).
    Removing stm32f4xx_tim.o(i.TIM_ICInit), (110 bytes).
    Removing stm32f4xx_tim.o(i.TIM_ICStructInit), (18 bytes).
    Removing stm32f4xx_tim.o(i.TIM_ITRxExternalClockConfig), (24 bytes).
    Removing stm32f4xx_tim.o(i.TIM_InternalClockConfig), (12 bytes).
    Removing stm32f4xx_tim.o(i.TIM_OC1FastConfig), (18 bytes).
    Removing stm32f4xx_tim.o(i.TIM_OC1Init), (124 bytes).
    Removing stm32f4xx_tim.o(i.TIM_OC1NPolarityConfig), (18 bytes).
    Removing stm32f4xx_tim.o(i.TIM_OC1PolarityConfig), (18 bytes).
    Removing stm32f4xx_tim.o(i.TIM_OC1PreloadConfig), (18 bytes).
    Removing stm32f4xx_tim.o(i.TIM_OC2FastConfig), (26 bytes).
    Removing stm32f4xx_tim.o(i.TIM_OC2Init), (164 bytes).
    Removing stm32f4xx_tim.o(i.TIM_OC2NPolarityConfig), (26 bytes).
    Removing stm32f4xx_tim.o(i.TIM_OC2PolarityConfig), (26 bytes).
    Removing stm32f4xx_tim.o(i.TIM_OC2PreloadConfig), (26 bytes).
    Removing stm32f4xx_tim.o(i.TIM_OC3FastConfig), (18 bytes).
    Removing stm32f4xx_tim.o(i.TIM_OC3Init), (160 bytes).
    Removing stm32f4xx_tim.o(i.TIM_OC3NPolarityConfig), (26 bytes).
    Removing stm32f4xx_tim.o(i.TIM_OC3PolarityConfig), (26 bytes).
    Removing stm32f4xx_tim.o(i.TIM_OC3PreloadConfig), (18 bytes).
    Removing stm32f4xx_tim.o(i.TIM_OC4FastConfig), (26 bytes).
    Removing stm32f4xx_tim.o(i.TIM_OC4Init), (120 bytes).
    Removing stm32f4xx_tim.o(i.TIM_OC4PolarityConfig), (26 bytes).
    Removing stm32f4xx_tim.o(i.TIM_OC4PreloadConfig), (26 bytes).
    Removing stm32f4xx_tim.o(i.TIM_OCStructInit), (20 bytes).
    Removing stm32f4xx_tim.o(i.TIM_PWMIConfig), (124 bytes).
    Removing stm32f4xx_tim.o(i.TIM_PrescalerConfig), (6 bytes).
    Removing stm32f4xx_tim.o(i.TIM_RemapConfig), (6 bytes).
    Removing stm32f4xx_tim.o(i.TIM_SelectCCDMA), (24 bytes).
    Removing stm32f4xx_tim.o(i.TIM_SelectCOM), (24 bytes).
    Removing stm32f4xx_tim.o(i.TIM_SelectHallSensor), (24 bytes).
    Removing stm32f4xx_tim.o(i.TIM_SelectInputTrigger), (18 bytes).
    Removing stm32f4xx_tim.o(i.TIM_SelectMasterSlaveMode), (18 bytes).
    Removing stm32f4xx_tim.o(i.TIM_SelectOCxM), (86 bytes).
    Removing stm32f4xx_tim.o(i.TIM_SelectOnePulseMode), (18 bytes).
    Removing stm32f4xx_tim.o(i.TIM_SelectOutputTrigger), (18 bytes).
    Removing stm32f4xx_tim.o(i.TIM_SelectSlaveMode), (18 bytes).
    Removing stm32f4xx_tim.o(i.TIM_SetAutoreload), (4 bytes).
    Removing stm32f4xx_tim.o(i.TIM_SetClockDivision), (18 bytes).
    Removing stm32f4xx_tim.o(i.TIM_SetCompare1), (4 bytes).
    Removing stm32f4xx_tim.o(i.TIM_SetCompare2), (4 bytes).
    Removing stm32f4xx_tim.o(i.TIM_SetCompare3), (4 bytes).
    Removing stm32f4xx_tim.o(i.TIM_SetCompare4), (4 bytes).
    Removing stm32f4xx_tim.o(i.TIM_SetIC1Prescaler), (18 bytes).
    Removing stm32f4xx_tim.o(i.TIM_SetIC2Prescaler), (26 bytes).
    Removing stm32f4xx_tim.o(i.TIM_SetIC3Prescaler), (18 bytes).
    Removing stm32f4xx_tim.o(i.TIM_SetIC4Prescaler), (26 bytes).
    Removing stm32f4xx_tim.o(i.TIM_TIxExternalClockConfig), (62 bytes).
    Removing stm32f4xx_tim.o(i.TIM_TimeBaseStructInit), (18 bytes).
    Removing stm32f4xx_tim.o(i.TIM_UpdateDisableConfig), (24 bytes).
    Removing stm32f4xx_tim.o(i.TIM_UpdateRequestConfig), (24 bytes).
    Removing misc.o(.rev16_text), (4 bytes).
    Removing misc.o(.revsh_text), (4 bytes).
    Removing misc.o(i.NVIC_PriorityGroupConfig), (20 bytes).
    Removing misc.o(i.NVIC_SetVectorTable), (20 bytes).
    Removing misc.o(i.NVIC_SystemLPConfig), (32 bytes).
    Removing misc.o(i.SysTick_CLKSourceConfig), (40 bytes).
    Removing stm32f4xx_spi.o(.rev16_text), (4 bytes).
    Removing stm32f4xx_spi.o(.revsh_text), (4 bytes).
    Removing stm32f4xx_spi.o(i.I2S_Cmd), (24 bytes).
    Removing stm32f4xx_spi.o(i.I2S_FullDuplexConfig), (80 bytes).
    Removing stm32f4xx_spi.o(i.I2S_Init), (360 bytes).
    Removing stm32f4xx_spi.o(i.I2S_StructInit), (20 bytes).
    Removing stm32f4xx_spi.o(i.SPI_BiDirectionalLineConfig), (28 bytes).
    Removing stm32f4xx_spi.o(i.SPI_CalculateCRC), (24 bytes).
    Removing stm32f4xx_spi.o(i.SPI_DataSizeConfig), (18 bytes).
    Removing stm32f4xx_spi.o(i.SPI_GetCRC), (16 bytes).
    Removing stm32f4xx_spi.o(i.SPI_GetCRCPolynomial), (6 bytes).
    Removing stm32f4xx_spi.o(i.SPI_I2S_ClearFlag), (6 bytes).
    Removing stm32f4xx_spi.o(i.SPI_I2S_ClearITPendingBit), (20 bytes).
    Removing stm32f4xx_spi.o(i.SPI_I2S_DMACmd), (18 bytes).
    Removing stm32f4xx_spi.o(i.SPI_I2S_DeInit), (176 bytes).
    Removing stm32f4xx_spi.o(i.SPI_I2S_GetITStatus), (52 bytes).
    Removing stm32f4xx_spi.o(i.SPI_I2S_ITConfig), (32 bytes).
    Removing stm32f4xx_spi.o(i.SPI_I2S_ReceiveData), (6 bytes).
    Removing stm32f4xx_spi.o(i.SPI_I2S_SendData), (4 bytes).
    Removing stm32f4xx_spi.o(i.SPI_NSSInternalSoftwareConfig), (30 bytes).
    Removing stm32f4xx_spi.o(i.SPI_SSOutputCmd), (24 bytes).
    Removing stm32f4xx_spi.o(i.SPI_TIModeCmd), (24 bytes).
    Removing stm32f4xx_spi.o(i.SPI_TransmitCRC), (10 bytes).
    Removing stm32f4xx_flash.o(.rev16_text), (4 bytes).
    Removing stm32f4xx_flash.o(.revsh_text), (4 bytes).
    Removing stm32f4xx_flash.o(i.FLASH_ClearFlag), (12 bytes).
    Removing stm32f4xx_flash.o(i.FLASH_DataCacheCmd), (36 bytes).
    Removing stm32f4xx_flash.o(i.FLASH_DataCacheReset), (20 bytes).
    Removing stm32f4xx_flash.o(i.FLASH_EraseAllBank1Sectors), (108 bytes).
    Removing stm32f4xx_flash.o(i.FLASH_EraseAllBank2Sectors), (108 bytes).
    Removing stm32f4xx_flash.o(i.FLASH_EraseAllSectors), (112 bytes).
    Removing stm32f4xx_flash.o(i.FLASH_EraseSector), (136 bytes).
    Removing stm32f4xx_flash.o(i.FLASH_GetFlagStatus), (24 bytes).
    Removing stm32f4xx_flash.o(i.FLASH_GetStatus), (84 bytes).
    Removing stm32f4xx_flash.o(i.FLASH_ITConfig), (32 bytes).
    Removing stm32f4xx_flash.o(i.FLASH_InstructionCacheCmd), (36 bytes).
    Removing stm32f4xx_flash.o(i.FLASH_InstructionCacheReset), (20 bytes).
    Removing stm32f4xx_flash.o(i.FLASH_Lock), (20 bytes).
    Removing stm32f4xx_flash.o(i.FLASH_OB_BORConfig), (28 bytes).
    Removing stm32f4xx_flash.o(i.FLASH_OB_BootConfig), (28 bytes).
    Removing stm32f4xx_flash.o(i.FLASH_OB_GetBOR), (16 bytes).
    Removing stm32f4xx_flash.o(i.FLASH_OB_GetPCROP), (12 bytes).
    Removing stm32f4xx_flash.o(i.FLASH_OB_GetPCROP1), (12 bytes).
    Removing stm32f4xx_flash.o(i.FLASH_OB_GetRDP), (24 bytes).
    Removing stm32f4xx_flash.o(i.FLASH_OB_GetUser), (16 bytes).
    Removing stm32f4xx_flash.o(i.FLASH_OB_GetWRP), (12 bytes).
    Removing stm32f4xx_flash.o(i.FLASH_OB_GetWRP1), (12 bytes).
    Removing stm32f4xx_flash.o(i.FLASH_OB_Launch), (32 bytes).
    Removing stm32f4xx_flash.o(i.FLASH_OB_Lock), (20 bytes).
    Removing stm32f4xx_flash.o(i.FLASH_OB_PCROP1Config), (52 bytes).
    Removing stm32f4xx_flash.o(i.FLASH_OB_PCROPConfig), (52 bytes).
    Removing stm32f4xx_flash.o(i.FLASH_OB_PCROPSelectionConfig), (24 bytes).
    Removing stm32f4xx_flash.o(i.FLASH_OB_RDPConfig), (28 bytes).
    Removing stm32f4xx_flash.o(i.FLASH_OB_Unlock), (36 bytes).
    Removing stm32f4xx_flash.o(i.FLASH_OB_UserConfig), (48 bytes).
    Removing stm32f4xx_flash.o(i.FLASH_OB_WRP1Config), (52 bytes).
    Removing stm32f4xx_flash.o(i.FLASH_OB_WRPConfig), (52 bytes).
    Removing stm32f4xx_flash.o(i.FLASH_PrefetchBufferCmd), (36 bytes).
    Removing stm32f4xx_flash.o(i.FLASH_ProgramByte), (76 bytes).
    Removing stm32f4xx_flash.o(i.FLASH_ProgramDoubleWord), (84 bytes).
    Removing stm32f4xx_flash.o(i.FLASH_ProgramHalfWord), (80 bytes).
    Removing stm32f4xx_flash.o(i.FLASH_ProgramWord), (80 bytes).
    Removing stm32f4xx_flash.o(i.FLASH_SetLatency), (12 bytes).
    Removing stm32f4xx_flash.o(i.FLASH_Unlock), (36 bytes).
    Removing stm32f4xx_flash.o(i.FLASH_WaitForLastOperation), (34 bytes).
    Removing init_interface.o(.rev16_text), (4 bytes).
    Removing init_interface.o(.revsh_text), (4 bytes).
    Removing init_interface.o(i.GPIO_Configureation), (144 bytes).
    Removing init_interface.o(i.GPIO_init), (20 bytes).
    Removing init_interface.o(i.SPI_init), (96 bytes).
    Removing init_interface.o(i.TIM_Config), (108 bytes).
    Removing smartsensor.o(.rev16_text), (4 bytes).
    Removing smartsensor.o(.revsh_text), (4 bytes).
    Removing hw_config.o(.rev16_text), (4 bytes).
    Removing hw_config.o(.revsh_text), (4 bytes).
    Removing hw_config.o(i.UART2_Init), (152 bytes).
    Removing hw_config.o(i.USART1_Gets), (152 bytes).
    Removing hw_config.o(i.USART1_Putc), (32 bytes).
    Removing hw_config.o(i.USART1_Puts), (44 bytes).
    Removing hw_config.o(i.USART2_Gets), (152 bytes).
    Removing hw_config.o(i.USART2_Putc), (32 bytes).
    Removing hw_config.o(i.USART2_Puts), (44 bytes).
    Removing hw_config.o(i.printf_hex), (44 bytes).
    Removing main.o(.rev16_text), (4 bytes).
    Removing main.o(.revsh_text), (4 bytes).
    Removing main.o(i.grafcet_2), (12 bytes).
    Removing stm32f4xx_it.o(.rev16_text), (4 bytes).
    Removing stm32f4xx_it.o(.revsh_text), (4 bytes).
    Removing stm32f4xx_it.o(i.GetKey), (28 bytes).
    Removing stm32f4xx_it.o(i.fgetc), (32 bytes).
    Removing system_stm32f4xx.o(.rev16_text), (4 bytes).
    Removing system_stm32f4xx.o(.revsh_text), (4 bytes).
    Removing system_stm32f4xx.o(i.SystemCoreClockUpdate), (192 bytes).
    Removing tm_stm32f4_disco.o(.rev16_text), (4 bytes).
    Removing tm_stm32f4_disco.o(.revsh_text), (4 bytes).
    Removing tm_stm32f4_disco.o(i.TM_DISCO_ButtonInit), (48 bytes).
    Removing tm_stm32f4_disco.o(i.TM_DISCO_ButtonPressed), (24 bytes).
    Removing tm_stm32f4_disco.o(i.TM_DISCO_LedInit), (56 bytes).
    Removing tm_stm32f4_disco.o(i.TM_DISCO_LedIsOn), (28 bytes).
    Removing tm_stm32f4_disco.o(i.TM_DISCO_LedOff), (20 bytes).
    Removing tm_stm32f4_disco.o(i.TM_DISCO_LedOn), (20 bytes).
    Removing tm_stm32f4_disco.o(i.TM_DISCO_LedToggle), (20 bytes).
    Removing tm_stm32f4_fonts.o(.rev16_text), (4 bytes).
    Removing tm_stm32f4_fonts.o(.revsh_text), (4 bytes).
    Removing tm_stm32f4_i2c.o(.rev16_text), (4 bytes).
    Removing tm_stm32f4_i2c.o(.revsh_text), (4 bytes).
    Removing tm_stm32f4_i2c.o(i.TM_I2C1_InitPins), (108 bytes).
    Removing tm_stm32f4_i2c.o(i.TM_I2C2_InitPins), (128 bytes).
    Removing tm_stm32f4_i2c.o(i.TM_I2C3_InitPins), (156 bytes).
    Removing tm_stm32f4_i2c.o(i.TM_I2C_Init), (184 bytes).
    Removing tm_stm32f4_i2c.o(i.TM_I2C_IsDeviceConnected), (34 bytes).
    Removing tm_stm32f4_i2c.o(i.TM_I2C_Read), (62 bytes).
    Removing tm_stm32f4_i2c.o(i.TM_I2C_ReadAck), (72 bytes).
    Removing tm_stm32f4_i2c.o(i.TM_I2C_ReadMulti), (92 bytes).
    Removing tm_stm32f4_i2c.o(i.TM_I2C_ReadNack), (80 bytes).
    Removing tm_stm32f4_i2c.o(i.TM_I2C_Start), (208 bytes).
    Removing tm_stm32f4_i2c.o(i.TM_I2C_Stop), (80 bytes).
    Removing tm_stm32f4_i2c.o(i.TM_I2C_Write), (50 bytes).
    Removing tm_stm32f4_i2c.o(i.TM_I2C_WriteData), (64 bytes).
    Removing tm_stm32f4_i2c.o(i.TM_I2C_WriteMulti), (66 bytes).
    Removing tm_stm32f4_i2c.o(.data), (4 bytes).
    Removing tm_stm32f4_ili9341.o(.rev16_text), (4 bytes).
    Removing tm_stm32f4_ili9341.o(.revsh_text), (4 bytes).
    Removing tm_stm32f4_ili9341.o(i.TM_ILI9341_DrawCircle), (260 bytes).
    Removing tm_stm32f4_ili9341.o(i.TM_ILI9341_DrawFilledCircle), (334 bytes).
    Removing tm_stm32f4_ili9341.o(i.TM_ILI9341_DrawFilledRectangle), (46 bytes).
    Removing tm_stm32f4_ili9341.o(i.TM_ILI9341_GetStringSize), (28 bytes).
    Removing tm_stm32f4_spi.o(.rev16_text), (4 bytes).
    Removing tm_stm32f4_spi.o(.revsh_text), (4 bytes).
    Removing tm_stm32f4_spi.o(i.TM_SPI_ReadMulti), (38 bytes).
    Removing tm_stm32f4_spi.o(i.TM_SPI_SendMulti), (38 bytes).
    Removing tm_stm32f4_spi.o(i.TM_SPI_WriteMulti), (34 bytes).
    Removing stm32f4xx_i2c.o(.rev16_text), (4 bytes).
    Removing stm32f4xx_i2c.o(.revsh_text), (4 bytes).
    Removing stm32f4xx_i2c.o(i.I2C_ARPCmd), (24 bytes).
    Removing stm32f4xx_i2c.o(i.I2C_AcknowledgeConfig), (24 bytes).
    Removing stm32f4xx_i2c.o(i.I2C_AnalogFilterCmd), (24 bytes).
    Removing stm32f4xx_i2c.o(i.I2C_CalculatePEC), (24 bytes).
    Removing stm32f4xx_i2c.o(i.I2C_CheckEvent), (42 bytes).
    Removing stm32f4xx_i2c.o(i.I2C_ClearFlag), (12 bytes).
    Removing stm32f4xx_i2c.o(i.I2C_ClearITPendingBit), (12 bytes).
    Removing stm32f4xx_i2c.o(i.I2C_Cmd), (24 bytes).
    Removing stm32f4xx_i2c.o(i.I2C_DMACmd), (24 bytes).
    Removing stm32f4xx_i2c.o(i.I2C_DMALastTransferCmd), (24 bytes).
    Removing stm32f4xx_i2c.o(i.I2C_DeInit), (96 bytes).
    Removing stm32f4xx_i2c.o(i.I2C_DigitalFilterConfig), (22 bytes).
    Removing stm32f4xx_i2c.o(i.I2C_DualAddressCmd), (24 bytes).
    Removing stm32f4xx_i2c.o(i.I2C_FastModeDutyCycleConfig), (28 bytes).
    Removing stm32f4xx_i2c.o(i.I2C_GeneralCallCmd), (24 bytes).
    Removing stm32f4xx_i2c.o(i.I2C_GenerateSTART), (24 bytes).
    Removing stm32f4xx_i2c.o(i.I2C_GenerateSTOP), (24 bytes).
    Removing stm32f4xx_i2c.o(i.I2C_GetFlagStatus), (58 bytes).
    Removing stm32f4xx_i2c.o(i.I2C_GetITStatus), (38 bytes).
    Removing stm32f4xx_i2c.o(i.I2C_GetLastEvent), (26 bytes).
    Removing stm32f4xx_i2c.o(i.I2C_GetPEC), (8 bytes).
    Removing stm32f4xx_i2c.o(i.I2C_ITConfig), (18 bytes).
    Removing stm32f4xx_i2c.o(i.I2C_Init), (232 bytes).
    Removing stm32f4xx_i2c.o(i.I2C_NACKPositionConfig), (28 bytes).
    Removing stm32f4xx_i2c.o(i.I2C_OwnAddress2Config), (22 bytes).
    Removing stm32f4xx_i2c.o(i.I2C_PECPositionConfig), (28 bytes).
    Removing stm32f4xx_i2c.o(i.I2C_ReadRegister), (22 bytes).
    Removing stm32f4xx_i2c.o(i.I2C_ReceiveData), (8 bytes).
    Removing stm32f4xx_i2c.o(i.I2C_SMBusAlertConfig), (28 bytes).
    Removing stm32f4xx_i2c.o(i.I2C_Send7bitAddress), (16 bytes).
    Removing stm32f4xx_i2c.o(i.I2C_SendData), (4 bytes).
    Removing stm32f4xx_i2c.o(i.I2C_SoftwareResetCmd), (22 bytes).
    Removing stm32f4xx_i2c.o(i.I2C_StretchClockCmd), (24 bytes).
    Removing stm32f4xx_i2c.o(i.I2C_StructInit), (30 bytes).
    Removing stm32f4xx_i2c.o(i.I2C_TransmitPEC), (24 bytes).

348 unused section(s) (total 13508 bytes) removed from the image.

==============================================================================

Image Symbol Table

    Local Symbols

    Symbol Name                              Value     Ov Type        Size  Object(Section)

    ../clib/microlib/division.c              0x00000000   Number         0  uldiv.o ABSOLUTE
    ../clib/microlib/division.c              0x00000000   Number         0  uidiv.o ABSOLUTE
    ../clib/microlib/init/entry.s            0x00000000   Number         0  entry8a.o ABSOLUTE
    ../clib/microlib/init/entry.s            0x00000000   Number         0  entry8b.o ABSOLUTE
    ../clib/microlib/init/entry.s            0x00000000   Number         0  entry.o ABSOLUTE
    ../clib/microlib/init/entry.s            0x00000000   Number         0  entry5.o ABSOLUTE
    ../clib/microlib/init/entry.s            0x00000000   Number         0  entry11b.o ABSOLUTE
    ../clib/microlib/init/entry.s            0x00000000   Number         0  entry2.o ABSOLUTE
    ../clib/microlib/init/entry.s            0x00000000   Number         0  entry7a.o ABSOLUTE
    ../clib/microlib/init/entry.s            0x00000000   Number         0  entry11a.o ABSOLUTE
    ../clib/microlib/init/entry.s            0x00000000   Number         0  entry10b.o ABSOLUTE
    ../clib/microlib/init/entry.s            0x00000000   Number         0  entry10a.o ABSOLUTE
    ../clib/microlib/init/entry.s            0x00000000   Number         0  entry7b.o ABSOLUTE
    ../clib/microlib/init/entry.s            0x00000000   Number         0  entry9b.o ABSOLUTE
    ../clib/microlib/init/entry.s            0x00000000   Number         0  entry9a.o ABSOLUTE
    ../clib/microlib/longlong.c              0x00000000   Number         0  llushr.o ABSOLUTE
    ../clib/microlib/longlong.c              0x00000000   Number         0  llsshr.o ABSOLUTE
    ../clib/microlib/longlong.c              0x00000000   Number         0  llshl.o ABSOLUTE
    ../clib/microlib/printf/printf.c         0x00000000   Number         0  printf4.o ABSOLUTE
    ../clib/microlib/printf/printf.c         0x00000000   Number         0  printfa.o ABSOLUTE
    ../clib/microlib/printf/printf.c         0x00000000   Number         0  printf3.o ABSOLUTE
    ../clib/microlib/printf/printf.c         0x00000000   Number         0  printf2.o ABSOLUTE
    ../clib/microlib/printf/printf.c         0x00000000   Number         0  printf1.o ABSOLUTE
    ../clib/microlib/printf/printf.c         0x00000000   Number         0  printf7.o ABSOLUTE
    ../clib/microlib/printf/printf.c         0x00000000   Number         0  printf6.o ABSOLUTE
    ../clib/microlib/printf/printf.c         0x00000000   Number         0  printf5.o ABSOLUTE
    ../clib/microlib/printf/printf.c         0x00000000   Number         0  printf0.o ABSOLUTE
    ../clib/microlib/printf/printf.c         0x00000000   Number         0  printfb.o ABSOLUTE
    ../clib/microlib/printf/printf.c         0x00000000   Number         0  printf8.o ABSOLUTE
    ../clib/microlib/printf/stubs.s          0x00000000   Number         0  stubs.o ABSOLUTE
    ../clib/microlib/stdio/streams.c         0x00000000   Number         0  stdout.o ABSOLUTE
    ../clib/microlib/stubs.s                 0x00000000   Number         0  iusefp.o ABSOLUTE
    ../fplib/microlib/f2d.c                  0x00000000   Number         0  f2d.o ABSOLUTE
    ../fplib/microlib/fpadd.c                0x00000000   Number         0  dadd.o ABSOLUTE
    ../fplib/microlib/fpdiv.c                0x00000000   Number         0  ddiv.o ABSOLUTE
    ../fplib/microlib/fpepilogue.c           0x00000000   Number         0  depilogue.o ABSOLUTE
    ../fplib/microlib/fpfix.c                0x00000000   Number         0  dfixul.o ABSOLUTE
    ../fplib/microlib/fpflt.c                0x00000000   Number         0  dflti.o ABSOLUTE
    ../fplib/microlib/fpmul.c                0x00000000   Number         0  dmul.o ABSOLUTE
    ../mathlib/fabs.c                        0x00000000   Number         0  fabs.o ABSOLUTE
    C:\Keil_v5\ARM\PACK\Keil\STM32F4xx_DFP\1.0.8\Device\StdPeriph_Driver\src\stm32f4xx_i2c.c 0x00000000   Number         0  stm32f4xx_i2c.o ABSOLUTE
    C:\\Keil_v5\\ARM\\PACK\\Keil\\STM32F4xx_DFP\\1.0.8\\Device\\StdPeriph_Driver\\src\\stm32f4xx_i2c.c 0x00000000   Number         0  stm32f4xx_i2c.o ABSOLUTE
    TM\\tm_stm32f4_disco.c                   0x00000000   Number         0  tm_stm32f4_disco.o ABSOLUTE
    TM\\tm_stm32f4_fonts.c                   0x00000000   Number         0  tm_stm32f4_fonts.o ABSOLUTE
    TM\\tm_stm32f4_i2c.c                     0x00000000   Number         0  tm_stm32f4_i2c.o ABSOLUTE
    TM\\tm_stm32f4_ili9341.c                 0x00000000   Number         0  tm_stm32f4_ili9341.o ABSOLUTE
    TM\\tm_stm32f4_spi.c                     0x00000000   Number         0  tm_stm32f4_spi.o ABSOLUTE
    TM\tm_stm32f4_disco.c                    0x00000000   Number         0  tm_stm32f4_disco.o ABSOLUTE
    TM\tm_stm32f4_fonts.c                    0x00000000   Number         0  tm_stm32f4_fonts.o ABSOLUTE
    TM\tm_stm32f4_i2c.c                      0x00000000   Number         0  tm_stm32f4_i2c.o ABSOLUTE
    TM\tm_stm32f4_ili9341.c                  0x00000000   Number         0  tm_stm32f4_ili9341.o ABSOLUTE
    TM\tm_stm32f4_spi.c                      0x00000000   Number         0  tm_stm32f4_spi.o ABSOLUTE
    cdrcmple.s                               0x00000000   Number         0  cdrcmple.o ABSOLUTE
    dc.s                                     0x00000000   Number         0  dc.o ABSOLUTE
    handlers.s                               0x00000000   Number         0  handlers.o ABSOLUTE
    init.s                                   0x00000000   Number         0  init.o ABSOLUTE
    lib\STM32F4xx_StdPeriph_Driver\src\misc.c 0x00000000   Number         0  misc.o ABSOLUTE
    lib\STM32F4xx_StdPeriph_Driver\src\stm32f4xx_flash.c 0x00000000   Number         0  stm32f4xx_flash.o ABSOLUTE
    lib\STM32F4xx_StdPeriph_Driver\src\stm32f4xx_gpio.c 0x00000000   Number         0  stm32f4xx_gpio.o ABSOLUTE
    lib\STM32F4xx_StdPeriph_Driver\src\stm32f4xx_rcc.c 0x00000000   Number         0  stm32f4xx_rcc.o ABSOLUTE
    lib\STM32F4xx_StdPeriph_Driver\src\stm32f4xx_spi.c 0x00000000   Number         0  stm32f4xx_spi.o ABSOLUTE
    lib\STM32F4xx_StdPeriph_Driver\src\stm32f4xx_tim.c 0x00000000   Number         0  stm32f4xx_tim.o ABSOLUTE
    lib\STM32F4xx_StdPeriph_Driver\src\stm32f4xx_usart.c 0x00000000   Number         0  stm32f4xx_usart.o ABSOLUTE
    lib\\STM32F4xx_StdPeriph_Driver\\src\\misc.c 0x00000000   Number         0  misc.o ABSOLUTE
    lib\\STM32F4xx_StdPeriph_Driver\\src\\stm32f4xx_flash.c 0x00000000   Number         0  stm32f4xx_flash.o ABSOLUTE
    lib\\STM32F4xx_StdPeriph_Driver\\src\\stm32f4xx_gpio.c 0x00000000   Number         0  stm32f4xx_gpio.o ABSOLUTE
    lib\\STM32F4xx_StdPeriph_Driver\\src\\stm32f4xx_rcc.c 0x00000000   Number         0  stm32f4xx_rcc.o ABSOLUTE
    lib\\STM32F4xx_StdPeriph_Driver\\src\\stm32f4xx_spi.c 0x00000000   Number         0  stm32f4xx_spi.o ABSOLUTE
    lib\\STM32F4xx_StdPeriph_Driver\\src\\stm32f4xx_tim.c 0x00000000   Number         0  stm32f4xx_tim.o ABSOLUTE
    lib\\STM32F4xx_StdPeriph_Driver\\src\\stm32f4xx_usart.c 0x00000000   Number         0  stm32f4xx_usart.o ABSOLUTE
    startup_stm32f429_439xx.s                0x00000000   Number         0  startup_stm32f429_439xx.o ABSOLUTE
    sys\\stm32f4xx_it.c                      0x00000000   Number         0  stm32f4xx_it.o ABSOLUTE
    sys\\system_stm32f4xx.c                  0x00000000   Number         0  system_stm32f4xx.o ABSOLUTE
    sys\stm32f4xx_it.c                       0x00000000   Number         0  stm32f4xx_it.o ABSOLUTE
    sys\system_stm32f4xx.c                   0x00000000   Number         0  system_stm32f4xx.o ABSOLUTE
    user\\hw_config.c                        0x00000000   Number         0  hw_config.o ABSOLUTE
    user\\init_interface.c                   0x00000000   Number         0  init_interface.o ABSOLUTE
    user\\main.c                             0x00000000   Number         0  main.o ABSOLUTE
    user\\smartsensor.c                      0x00000000   Number         0  smartsensor.o ABSOLUTE
    user\hw_config.c                         0x00000000   Number         0  hw_config.o ABSOLUTE
    user\init_interface.c                    0x00000000   Number         0  init_interface.o ABSOLUTE
    user\main.c                              0x00000000   Number         0  main.o ABSOLUTE
    user\smartsensor.c                       0x00000000   Number         0  smartsensor.o ABSOLUTE
    RESET                                    0x08000000   Section      428  startup_stm32f429_439xx.o(RESET)
    .ARM.Collect$$$$00000000                 0x080001ac   Section        0  entry.o(.ARM.Collect$$$$00000000)
    .ARM.Collect$$$$00000001                 0x080001ac   Section        4  entry2.o(.ARM.Collect$$$$00000001)
    .ARM.Collect$$$$00000004                 0x080001b0   Section        4  entry5.o(.ARM.Collect$$$$00000004)
    .ARM.Collect$$$$00000008                 0x080001b4   Section        0  entry7b.o(.ARM.Collect$$$$00000008)
    .ARM.Collect$$$$0000000A                 0x080001b4   Section        0  entry8b.o(.ARM.Collect$$$$0000000A)
    .ARM.Collect$$$$0000000B                 0x080001b4   Section        8  entry9a.o(.ARM.Collect$$$$0000000B)
    .ARM.Collect$$$$0000000D                 0x080001bc   Section        0  entry10a.o(.ARM.Collect$$$$0000000D)
    .ARM.Collect$$$$0000000F                 0x080001bc   Section        0  entry11a.o(.ARM.Collect$$$$0000000F)
    .ARM.Collect$$$$00002712                 0x080001bc   Section        4  entry2.o(.ARM.Collect$$$$00002712)
    __lit__00000000                          0x080001bc   Data           4  entry2.o(.ARM.Collect$$$$00002712)
    .text                                    0x080001c0   Section       36  startup_stm32f429_439xx.o(.text)
    $v0                                      0x080001c0   Number         0  startup_stm32f429_439xx.o(.text)
    .text                                    0x080001e4   Section        0  dflti.o(.text)
    .text                                    0x08000206   Section        0  f2d.o(.text)
    .text                                    0x0800022c   Section       48  cdrcmple.o(.text)
    .text                                    0x0800025c   Section        0  uidiv.o(.text)
    .text                                    0x08000288   Section        0  uldiv.o(.text)
    .text                                    0x080002ea   Section        0  iusefp.o(.text)
    .text                                    0x080002ea   Section        0  depilogue.o(.text)
    .text                                    0x080003a4   Section        0  dadd.o(.text)
    .text                                    0x080004f2   Section        0  dmul.o(.text)
    .text                                    0x080005d6   Section        0  ddiv.o(.text)
    .text                                    0x080006b4   Section        0  dfixul.o(.text)
    .text                                    0x080006e4   Section       36  init.o(.text)
    .text                                    0x08000708   Section        0  llshl.o(.text)
    .text                                    0x08000726   Section        0  llushr.o(.text)
    .text                                    0x08000746   Section        0  llsshr.o(.text)
    i.BusFault_Handler                       0x0800076a   Section        0  stm32f4xx_it.o(i.BusFault_Handler)
    i.DeSmartSensorPacketData                0x08000770   Section        0  smartsensor.o(i.DeSmartSensorPacketData)
    i.DebugMon_Handler                       0x08000d40   Section        0  stm32f4xx_it.o(i.DebugMon_Handler)
    i.GPIO_Init                              0x08000d42   Section        0  stm32f4xx_gpio.o(i.GPIO_Init)
    i.GPIO_PinAFConfig                       0x08000dd2   Section        0  stm32f4xx_gpio.o(i.GPIO_PinAFConfig)
    i.GPIO_ResetBits                         0x08000e18   Section        0  stm32f4xx_gpio.o(i.GPIO_ResetBits)
    i.GPIO_SetBits                           0x08000e1c   Section        0  stm32f4xx_gpio.o(i.GPIO_SetBits)
    i.HardFault_Handler                      0x08000e20   Section        0  stm32f4xx_it.o(i.HardFault_Handler)
    i.MemManage_Handler                      0x08000e24   Section        0  stm32f4xx_it.o(i.MemManage_Handler)
    i.NMI_Handler                            0x08000e28   Section        0  stm32f4xx_it.o(i.NMI_Handler)
    i.NVIC_Init                              0x08000e2c   Section        0  misc.o(i.NVIC_Init)
    i.PendSV_Handler                         0x08000ea4   Section        0  stm32f4xx_it.o(i.PendSV_Handler)
    i.RCC_AHB1PeriphClockCmd                 0x08000ea8   Section        0  stm32f4xx_rcc.o(i.RCC_AHB1PeriphClockCmd)
    i.RCC_APB1PeriphClockCmd                 0x08000ec8   Section        0  stm32f4xx_rcc.o(i.RCC_APB1PeriphClockCmd)
    i.RCC_APB1PeriphResetCmd                 0x08000ee8   Section        0  stm32f4xx_rcc.o(i.RCC_APB1PeriphResetCmd)
    i.RCC_APB2PeriphClockCmd                 0x08000f08   Section        0  stm32f4xx_rcc.o(i.RCC_APB2PeriphClockCmd)
    i.RCC_APB2PeriphResetCmd                 0x08000f28   Section        0  stm32f4xx_rcc.o(i.RCC_APB2PeriphResetCmd)
    i.RCC_GetClocksFreq                      0x08000f48   Section        0  stm32f4xx_rcc.o(i.RCC_GetClocksFreq)
    i.RCC_TIMCLKPresConfig                   0x08001030   Section        0  stm32f4xx_rcc.o(i.RCC_TIMCLKPresConfig)
    i.SPI_Cmd                                0x0800103c   Section        0  stm32f4xx_spi.o(i.SPI_Cmd)
    i.SPI_I2S_GetFlagStatus                  0x08001054   Section        0  stm32f4xx_spi.o(i.SPI_I2S_GetFlagStatus)
    i.SPI_Init                               0x08001066   Section        0  stm32f4xx_spi.o(i.SPI_Init)
    i.SPI_StructInit                         0x080010a2   Section        0  stm32f4xx_spi.o(i.SPI_StructInit)
    i.SVC_Handler                            0x080010ba   Section        0  stm32f4xx_it.o(i.SVC_Handler)
    i.SetSysClock                            0x080010bc   Section        0  system_stm32f4xx.o(i.SetSysClock)
    SetSysClock                              0x080010bd   Thumb Code   274  system_stm32f4xx.o(i.SetSysClock)
    i.SmartSensorCMD_RX                      0x080011e0   Section        0  smartsensor.o(i.SmartSensorCMD_RX)
    i.SmartSensorCMD_TX                      0x080011f0   Section        0  smartsensor.o(i.SmartSensorCMD_TX)
    i.SysTick_Handler                        0x0800120c   Section        0  stm32f4xx_it.o(i.SysTick_Handler)
    i.SystemInit                             0x08001210   Section        0  system_stm32f4xx.o(i.SystemInit)
    i.TIM2_IRQHandler                        0x08001278   Section        0  stm32f4xx_it.o(i.TIM2_IRQHandler)
    i.TIM_ClearFlag                          0x08001298   Section        0  stm32f4xx_tim.o(i.TIM_ClearFlag)
    i.TIM_ClearITPendingBit                  0x0800129e   Section        0  stm32f4xx_tim.o(i.TIM_ClearITPendingBit)
    i.TIM_Cmd                                0x080012a4   Section        0  stm32f4xx_tim.o(i.TIM_Cmd)
    i.TIM_Configuration                      0x080012bc   Section        0  hw_config.o(i.TIM_Configuration)
    i.TIM_DeInit                             0x08001340   Section        0  stm32f4xx_tim.o(i.TIM_DeInit)
    i.TIM_ITConfig                           0x080014d0   Section        0  stm32f4xx_tim.o(i.TIM_ITConfig)
    i.TIM_SetCounter                         0x080014e2   Section        0  stm32f4xx_tim.o(i.TIM_SetCounter)
    i.TIM_TimeBaseInit                       0x080014e8   Section        0  stm32f4xx_tim.o(i.TIM_TimeBaseInit)
    i.TM_ILI9341_Delay                       0x0800156c   Section        0  tm_stm32f4_ili9341.o(i.TM_ILI9341_Delay)
    i.TM_ILI9341_DrawLine                    0x0800157e   Section        0  tm_stm32f4_ili9341.o(i.TM_ILI9341_DrawLine)
    i.TM_ILI9341_DrawPixel                   0x0800168c   Section        0  tm_stm32f4_ili9341.o(i.TM_ILI9341_DrawPixel)
    i.TM_ILI9341_DrawRectangle               0x080016b4   Section        0  tm_stm32f4_ili9341.o(i.TM_ILI9341_DrawRectangle)
    i.TM_ILI9341_Fill                        0x08001700   Section        0  tm_stm32f4_ili9341.o(i.TM_ILI9341_Fill)
    i.TM_ILI9341_Init                        0x08001748   Section        0  tm_stm32f4_ili9341.o(i.TM_ILI9341_Init)
    i.TM_ILI9341_InitLCD                     0x080017f4   Section        0  tm_stm32f4_ili9341.o(i.TM_ILI9341_InitLCD)
    i.TM_ILI9341_Putc                        0x08001a50   Section        0  tm_stm32f4_ili9341.o(i.TM_ILI9341_Putc)
    i.TM_ILI9341_Puts                        0x08001b08   Section        0  tm_stm32f4_ili9341.o(i.TM_ILI9341_Puts)
    i.TM_ILI9341_Rotate                      0x08001b88   Section        0  tm_stm32f4_ili9341.o(i.TM_ILI9341_Rotate)
    i.TM_ILI9341_SendCommand                 0x08001bec   Section        0  tm_stm32f4_ili9341.o(i.TM_ILI9341_SendCommand)
    i.TM_ILI9341_SendData                    0x08001c20   Section        0  tm_stm32f4_ili9341.o(i.TM_ILI9341_SendData)
    i.TM_ILI9341_SetCursorPosition           0x08001c54   Section        0  tm_stm32f4_ili9341.o(i.TM_ILI9341_SetCursorPosition)
    i.TM_SPI1_Init                           0x08001ca0   Section        0  tm_stm32f4_spi.o(i.TM_SPI1_Init)
    i.TM_SPI2_Init                           0x08001d80   Section        0  tm_stm32f4_spi.o(i.TM_SPI2_Init)
    i.TM_SPI3_Init                           0x08001e78   Section        0  tm_stm32f4_spi.o(i.TM_SPI3_Init)
    i.TM_SPI4_Init                           0x08001f58   Section        0  tm_stm32f4_spi.o(i.TM_SPI4_Init)
    i.TM_SPI5_Init                           0x08002038   Section        0  tm_stm32f4_spi.o(i.TM_SPI5_Init)
    i.TM_SPI6_Init                           0x08002130   Section        0  tm_stm32f4_spi.o(i.TM_SPI6_Init)
    i.TM_SPI_Init                            0x080021d8   Section        0  tm_stm32f4_spi.o(i.TM_SPI_Init)
    i.TM_SPI_Send                            0x08002240   Section        0  tm_stm32f4_spi.o(i.TM_SPI_Send)
    i.TimerReset                             0x08002278   Section        0  hw_config.o(i.TimerReset)
    i.TimerStart                             0x08002298   Section        0  hw_config.o(i.TimerStart)
    i.TimerStop                              0x080022b8   Section        0  hw_config.o(i.TimerStop)
    i.UART1_Init                             0x080022c8   Section        0  hw_config.o(i.UART1_Init)
    i.UART6_Init                             0x08002360   Section        0  hw_config.o(i.UART6_Init)
    i.USART1_IRQHandler                      0x080023f8   Section        0  stm32f4xx_it.o(i.USART1_IRQHandler)
    i.USART6_Gets                            0x08002450   Section        0  hw_config.o(i.USART6_Gets)
    i.USART6_Putc                            0x080024e8   Section        0  hw_config.o(i.USART6_Putc)
    i.USART6_Puts                            0x08002508   Section        0  hw_config.o(i.USART6_Puts)
    i.USART_Cmd                              0x08002534   Section        0  stm32f4xx_usart.o(i.USART_Cmd)
    i.USART_GetFlagStatus                    0x0800254c   Section        0  stm32f4xx_usart.o(i.USART_GetFlagStatus)
    i.USART_Init                             0x08002568   Section        0  stm32f4xx_usart.o(i.USART_Init)
    i.USART_ReceiveData                      0x0800263c   Section        0  stm32f4xx_usart.o(i.USART_ReceiveData)
    i.USART_SendData                         0x08002646   Section        0  stm32f4xx_usart.o(i.USART_SendData)
    i.UsageFault_Handler                     0x0800264e   Section        0  stm32f4xx_it.o(i.UsageFault_Handler)
    i.__0printf                              0x08002654   Section        0  printfa.o(i.__0printf)
    i.__hardfp_fabs                          0x08002674   Section        0  fabs.o(i.__hardfp_fabs)
    i.__scatterload_copy                     0x08002688   Section       14  handlers.o(i.__scatterload_copy)
    i.__scatterload_null                     0x08002696   Section        2  handlers.o(i.__scatterload_null)
    i.__scatterload_zeroinit                 0x08002698   Section       14  handlers.o(i.__scatterload_zeroinit)
    i._fp_digits                             0x080026a8   Section        0  printfa.o(i._fp_digits)
    _fp_digits                               0x080026a9   Thumb Code   334  printfa.o(i._fp_digits)
    i._printf_core                           0x0800280c   Section        0  printfa.o(i._printf_core)
    _printf_core                             0x0800280d   Thumb Code  1744  printfa.o(i._printf_core)
    i._printf_post_padding                   0x08002ee8   Section        0  printfa.o(i._printf_post_padding)
    _printf_post_padding                     0x08002ee9   Thumb Code    36  printfa.o(i._printf_post_padding)
    i._printf_pre_padding                    0x08002f0c   Section        0  printfa.o(i._printf_pre_padding)
    _printf_pre_padding                      0x08002f0d   Thumb Code    46  printfa.o(i._printf_pre_padding)
    i.action_G0                              0x08002f3a   Section        0  main.o(i.action_G0)
    i.action_G50                             0x08002f92   Section        0  main.o(i.action_G50)
    i.fputc                                  0x08002fb0   Section        0  stm32f4xx_it.o(i.fputc)
    i.getGesture                             0x08002fd4   Section        0  main.o(i.getGesture)
    i.getSmartSensorValue                    0x08003214   Section        0  main.o(i.getSmartSensorValue)
    i.goSubGrafcet_G50                       0x0800329c   Section        0  main.o(i.goSubGrafcet_G50)
    i.grafcet_G0                             0x080032c8   Section        0  main.o(i.grafcet_G0)
    i.grafcet_G1_2                           0x08003342   Section        0  main.o(i.grafcet_G1_2)
    i.grafcet_G3                             0x08003358   Section        0  main.o(i.grafcet_G3)
    i.grafcet_G4                             0x08003362   Section        0  main.o(i.grafcet_G4)
    i.grafcet_G5                             0x0800336c   Section        0  main.o(i.grafcet_G5)
    i.grafcet_G50                            0x08003378   Section        0  main.o(i.grafcet_G50)
    i.grafcet_G51                            0x0800337e   Section        0  main.o(i.grafcet_G51)
    i.grafcet_G6                             0x08003388   Section        0  main.o(i.grafcet_G6)
    i.hw_config                              0x08003392   Section        0  hw_config.o(i.hw_config)
    i.initial_G0                             0x080033ae   Section        0  main.o(i.initial_G0)
    i.initial_G5                             0x080033e0   Section        0  main.o(i.initial_G5)
    i.main                                   0x080034b0   Section        0  main.o(i.main)
    i.runBrushTooth                          0x080034e0   Section        0  main.o(i.runBrushTooth)
    i.showResult                             0x08003594   Section        0  main.o(i.showResult)
    i.transmitData                           0x080036d4   Section        0  main.o(i.transmitData)
    i.turnoff                                0x080036e0   Section        0  main.o(i.turnoff)
    .constdata                               0x080036f4   Section    10260  tm_stm32f4_fonts.o(.constdata)
    .data                                    0x20000000   Section       16  stm32f4xx_rcc.o(.data)
    APBAHBPrescTable                         0x20000000   Data          16  stm32f4xx_rcc.o(.data)
    .data                                    0x20000010   Section        2  hw_config.o(.data)
    .data                                    0x20000014   Section      183  main.o(.data)
    .data                                    0x200000cb   Section        2  stm32f4xx_it.o(.data)
    .data                                    0x200000d0   Section       20  system_stm32f4xx.o(.data)
    .data                                    0x200000e4   Section       24  tm_stm32f4_fonts.o(.data)
    .data                                    0x200000fc   Section       11  tm_stm32f4_ili9341.o(.data)
    .data                                    0x20000108   Section        4  stdout.o(.data)
    .bss                                     0x2000010c   Section       92  smartsensor.o(.bss)
    .bss                                     0x20000168   Section      200  main.o(.bss)
    STACK                                    0x20000230   Section     1024  startup_stm32f429_439xx.o(STACK)

    Global Symbols

    Symbol Name                              Value     Ov Type        Size  Object(Section)

    BuildAttributes$$THM_ISAv4$E$P$D$K$B$S$7EM$VFPi3$EXTD16$VFPS$VFMA$PE$A:L22UL41UL21$X:L11$S22US41US21$IEEE1$IW$USESV6$~STKCKD$USESV7$~SHL$OTIME$ROPI$IEEEJ$EBA8$MICROLIB$REQ8$PRES8$EABIv2 0x00000000   Number         0  anon$$obj.o ABSOLUTE
    __ARM_use_no_argv                        0x00000000   Number         0  main.o ABSOLUTE
    _printf_a                                0x00000000   Number         0  stubs.o ABSOLUTE
    _printf_c                                0x00000000   Number         0  stubs.o ABSOLUTE
    _printf_charcount                        0x00000000   Number         0  stubs.o ABSOLUTE
    _printf_d                                0x00000000   Number         0  stubs.o ABSOLUTE
    _printf_e                                0x00000000   Number         0  stubs.o ABSOLUTE
    _printf_f                                0x00000000   Number         0  stubs.o ABSOLUTE
    _printf_flags                            0x00000000   Number         0  stubs.o ABSOLUTE
    _printf_fp_dec                           0x00000000   Number         0  stubs.o ABSOLUTE
    _printf_fp_hex                           0x00000000   Number         0  stubs.o ABSOLUTE
    _printf_g                                0x00000000   Number         0  stubs.o ABSOLUTE
    _printf_i                                0x00000000   Number         0  stubs.o ABSOLUTE
    _printf_int_dec                          0x00000000   Number         0  stubs.o ABSOLUTE
    _printf_l                                0x00000000   Number         0  stubs.o ABSOLUTE
    _printf_lc                               0x00000000   Number         0  stubs.o ABSOLUTE
    _printf_ll                               0x00000000   Number         0  stubs.o ABSOLUTE
    _printf_lld                              0x00000000   Number         0  stubs.o ABSOLUTE
    _printf_lli                              0x00000000   Number         0  stubs.o ABSOLUTE
    _printf_llo                              0x00000000   Number         0  stubs.o ABSOLUTE
    _printf_llu                              0x00000000   Number         0  stubs.o ABSOLUTE
    _printf_llx                              0x00000000   Number         0  stubs.o ABSOLUTE
    _printf_longlong_dec                     0x00000000   Number         0  stubs.o ABSOLUTE
    _printf_longlong_hex                     0x00000000   Number         0  stubs.o ABSOLUTE
    _printf_longlong_oct                     0x00000000   Number         0  stubs.o ABSOLUTE
    _printf_ls                               0x00000000   Number         0  stubs.o ABSOLUTE
    _printf_mbtowc                           0x00000000   Number         0  stubs.o ABSOLUTE
    _printf_n                                0x00000000   Number         0  stubs.o ABSOLUTE
    _printf_o                                0x00000000   Number         0  stubs.o ABSOLUTE
    _printf_p                                0x00000000   Number         0  stubs.o ABSOLUTE
    _printf_percent                          0x00000000   Number         0  stubs.o ABSOLUTE
    _printf_pre_padding                      0x00000000   Number         0  stubs.o ABSOLUTE
    _printf_return_value                     0x00000000   Number         0  stubs.o ABSOLUTE
    _printf_s                                0x00000000   Number         0  stubs.o ABSOLUTE
    _printf_sizespec                         0x00000000   Number         0  stubs.o ABSOLUTE
    _printf_str                              0x00000000   Number         0  stubs.o ABSOLUTE
    _printf_truncate_signed                  0x00000000   Number         0  stubs.o ABSOLUTE
    _printf_truncate_unsigned                0x00000000   Number         0  stubs.o ABSOLUTE
    _printf_u                                0x00000000   Number         0  stubs.o ABSOLUTE
    _printf_wc                               0x00000000   Number         0  stubs.o ABSOLUTE
    _printf_wctomb                           0x00000000   Number         0  stubs.o ABSOLUTE
    _printf_widthprec                        0x00000000   Number         0  stubs.o ABSOLUTE
    _printf_x                                0x00000000   Number         0  stubs.o ABSOLUTE
    __cpp_initialize__aeabi_                  - Undefined Weak Reference
    __cxa_finalize                            - Undefined Weak Reference
    __decompress                              - Undefined Weak Reference
    _clock_init                               - Undefined Weak Reference
    _microlib_exit                            - Undefined Weak Reference
    __Vectors_Size                           0x000001ac   Number         0  startup_stm32f429_439xx.o ABSOLUTE
    __Vectors                                0x08000000   Data           4  startup_stm32f429_439xx.o(RESET)
    __Vectors_End                            0x080001ac   Data           0  startup_stm32f429_439xx.o(RESET)
    __main                                   0x080001ad   Thumb Code     0  entry.o(.ARM.Collect$$$$00000000)
    _main_stk                                0x080001ad   Thumb Code     0  entry2.o(.ARM.Collect$$$$00000001)
    _main_scatterload                        0x080001b1   Thumb Code     0  entry5.o(.ARM.Collect$$$$00000004)
    __main_after_scatterload                 0x080001b5   Thumb Code     0  entry5.o(.ARM.Collect$$$$00000004)
    _main_clock                              0x080001b5   Thumb Code     0  entry7b.o(.ARM.Collect$$$$00000008)
    _main_cpp_init                           0x080001b5   Thumb Code     0  entry8b.o(.ARM.Collect$$$$0000000A)
    _main_init                               0x080001b5   Thumb Code     0  entry9a.o(.ARM.Collect$$$$0000000B)
    __rt_final_cpp                           0x080001bd   Thumb Code     0  entry10a.o(.ARM.Collect$$$$0000000D)
    __rt_final_exit                          0x080001bd   Thumb Code     0  entry11a.o(.ARM.Collect$$$$0000000F)
    Reset_Handler                            0x080001c1   Thumb Code     8  startup_stm32f429_439xx.o(.text)
    ADC_IRQHandler                           0x080001db   Thumb Code     0  startup_stm32f429_439xx.o(.text)
    CAN1_RX0_IRQHandler                      0x080001db   Thumb Code     0  startup_stm32f429_439xx.o(.text)
    CAN1_RX1_IRQHandler                      0x080001db   Thumb Code     0  startup_stm32f429_439xx.o(.text)
    CAN1_SCE_IRQHandler                      0x080001db   Thumb Code     0  startup_stm32f429_439xx.o(.text)
    CAN1_TX_IRQHandler                       0x080001db   Thumb Code     0  startup_stm32f429_439xx.o(.text)
    CAN2_RX0_IRQHandler                      0x080001db   Thumb Code     0  startup_stm32f429_439xx.o(.text)
    CAN2_RX1_IRQHandler                      0x080001db   Thumb Code     0  startup_stm32f429_439xx.o(.text)
    CAN2_SCE_IRQHandler                      0x080001db   Thumb Code     0  startup_stm32f429_439xx.o(.text)
    CAN2_TX_IRQHandler                       0x080001db   Thumb Code     0  startup_stm32f429_439xx.o(.text)
    CRYP_IRQHandler                          0x080001db   Thumb Code     0  startup_stm32f429_439xx.o(.text)
    DCMI_IRQHandler                          0x080001db   Thumb Code     0  startup_stm32f429_439xx.o(.text)
    DMA1_Stream0_IRQHandler                  0x080001db   Thumb Code     0  startup_stm32f429_439xx.o(.text)
    DMA1_Stream1_IRQHandler                  0x080001db   Thumb Code     0  startup_stm32f429_439xx.o(.text)
    DMA1_Stream2_IRQHandler                  0x080001db   Thumb Code     0  startup_stm32f429_439xx.o(.text)
    DMA1_Stream3_IRQHandler                  0x080001db   Thumb Code     0  startup_stm32f429_439xx.o(.text)
    DMA1_Stream4_IRQHandler                  0x080001db   Thumb Code     0  startup_stm32f429_439xx.o(.text)
    DMA1_Stream5_IRQHandler                  0x080001db   Thumb Code     0  startup_stm32f429_439xx.o(.text)
    DMA1_Stream6_IRQHandler                  0x080001db   Thumb Code     0  startup_stm32f429_439xx.o(.text)
    DMA1_Stream7_IRQHandler                  0x080001db   Thumb Code     0  startup_stm32f429_439xx.o(.text)
    DMA2D_IRQHandler                         0x080001db   Thumb Code     0  startup_stm32f429_439xx.o(.text)
    DMA2_Stream0_IRQHandler                  0x080001db   Thumb Code     0  startup_stm32f429_439xx.o(.text)
    DMA2_Stream1_IRQHandler                  0x080001db   Thumb Code     0  startup_stm32f429_439xx.o(.text)
    DMA2_Stream2_IRQHandler                  0x080001db   Thumb Code     0  startup_stm32f429_439xx.o(.text)
    DMA2_Stream3_IRQHandler                  0x080001db   Thumb Code     0  startup_stm32f429_439xx.o(.text)
    DMA2_Stream4_IRQHandler                  0x080001db   Thumb Code     0  startup_stm32f429_439xx.o(.text)
    DMA2_Stream5_IRQHandler                  0x080001db   Thumb Code     0  startup_stm32f429_439xx.o(.text)
    DMA2_Stream6_IRQHandler                  0x080001db   Thumb Code     0  startup_stm32f429_439xx.o(.text)
    DMA2_Stream7_IRQHandler                  0x080001db   Thumb Code     0  startup_stm32f429_439xx.o(.text)
    ETH_IRQHandler                           0x080001db   Thumb Code     0  startup_stm32f429_439xx.o(.text)
    ETH_WKUP_IRQHandler                      0x080001db   Thumb Code     0  startup_stm32f429_439xx.o(.text)
    EXTI0_IRQHandler                         0x080001db   Thumb Code     0  startup_stm32f429_439xx.o(.text)
    EXTI15_10_IRQHandler                     0x080001db   Thumb Code     0  startup_stm32f429_439xx.o(.text)
    EXTI1_IRQHandler                         0x080001db   Thumb Code     0  startup_stm32f429_439xx.o(.text)
    EXTI2_IRQHandler                         0x080001db   Thumb Code     0  startup_stm32f429_439xx.o(.text)
    EXTI3_IRQHandler                         0x080001db   Thumb Code     0  startup_stm32f429_439xx.o(.text)
    EXTI4_IRQHandler                         0x080001db   Thumb Code     0  startup_stm32f429_439xx.o(.text)
    EXTI9_5_IRQHandler                       0x080001db   Thumb Code     0  startup_stm32f429_439xx.o(.text)
    FLASH_IRQHandler                         0x080001db   Thumb Code     0  startup_stm32f429_439xx.o(.text)
    FMC_IRQHandler                           0x080001db   Thumb Code     0  startup_stm32f429_439xx.o(.text)
    FPU_IRQHandler                           0x080001db   Thumb Code     0  startup_stm32f429_439xx.o(.text)
    HASH_RNG_IRQHandler                      0x080001db   Thumb Code     0  startup_stm32f429_439xx.o(.text)
    I2C1_ER_IRQHandler                       0x080001db   Thumb Code     0  startup_stm32f429_439xx.o(.text)
    I2C1_EV_IRQHandler                       0x080001db   Thumb Code     0  startup_stm32f429_439xx.o(.text)
    I2C2_ER_IRQHandler                       0x080001db   Thumb Code     0  startup_stm32f429_439xx.o(.text)
    I2C2_EV_IRQHandler                       0x080001db   Thumb Code     0  startup_stm32f429_439xx.o(.text)
    I2C3_ER_IRQHandler                       0x080001db   Thumb Code     0  startup_stm32f429_439xx.o(.text)
    I2C3_EV_IRQHandler                       0x080001db   Thumb Code     0  startup_stm32f429_439xx.o(.text)
    LTDC_ER_IRQHandler                       0x080001db   Thumb Code     0  startup_stm32f429_439xx.o(.text)
    LTDC_IRQHandler                          0x080001db   Thumb Code     0  startup_stm32f429_439xx.o(.text)
    OTG_FS_IRQHandler                        0x080001db   Thumb Code     0  startup_stm32f429_439xx.o(.text)
    OTG_FS_WKUP_IRQHandler                   0x080001db   Thumb Code     0  startup_stm32f429_439xx.o(.text)
    OTG_HS_EP1_IN_IRQHandler                 0x080001db   Thumb Code     0  startup_stm32f429_439xx.o(.text)
    OTG_HS_EP1_OUT_IRQHandler                0x080001db   Thumb Code     0  startup_stm32f429_439xx.o(.text)
    OTG_HS_IRQHandler                        0x080001db   Thumb Code     0  startup_stm32f429_439xx.o(.text)
    OTG_HS_WKUP_IRQHandler                   0x080001db   Thumb Code     0  startup_stm32f429_439xx.o(.text)
    PVD_IRQHandler                           0x080001db   Thumb Code     0  startup_stm32f429_439xx.o(.text)
    RCC_IRQHandler                           0x080001db   Thumb Code     0  startup_stm32f429_439xx.o(.text)
    RTC_Alarm_IRQHandler                     0x080001db   Thumb Code     0  startup_stm32f429_439xx.o(.text)
    RTC_WKUP_IRQHandler                      0x080001db   Thumb Code     0  startup_stm32f429_439xx.o(.text)
    SAI1_IRQHandler                          0x080001db   Thumb Code     0  startup_stm32f429_439xx.o(.text)
    SDIO_IRQHandler                          0x080001db   Thumb Code     0  startup_stm32f429_439xx.o(.text)
    SPI1_IRQHandler                          0x080001db   Thumb Code     0  startup_stm32f429_439xx.o(.text)
    SPI2_IRQHandler                          0x080001db   Thumb Code     0  startup_stm32f429_439xx.o(.text)
    SPI3_IRQHandler                          0x080001db   Thumb Code     0  startup_stm32f429_439xx.o(.text)
    SPI4_IRQHandler                          0x080001db   Thumb Code     0  startup_stm32f429_439xx.o(.text)
    SPI5_IRQHandler                          0x080001db   Thumb Code     0  startup_stm32f429_439xx.o(.text)
    SPI6_IRQHandler                          0x080001db   Thumb Code     0  startup_stm32f429_439xx.o(.text)
    TAMP_STAMP_IRQHandler                    0x080001db   Thumb Code     0  startup_stm32f429_439xx.o(.text)
    TIM1_BRK_TIM9_IRQHandler                 0x080001db   Thumb Code     0  startup_stm32f429_439xx.o(.text)
    TIM1_CC_IRQHandler                       0x080001db   Thumb Code     0  startup_stm32f429_439xx.o(.text)
    TIM1_TRG_COM_TIM11_IRQHandler            0x080001db   Thumb Code     0  startup_stm32f429_439xx.o(.text)
    TIM1_UP_TIM10_IRQHandler                 0x080001db   Thumb Code     0  startup_stm32f429_439xx.o(.text)
    TIM3_IRQHandler                          0x080001db   Thumb Code     0  startup_stm32f429_439xx.o(.text)
    TIM4_IRQHandler                          0x080001db   Thumb Code     0  startup_stm32f429_439xx.o(.text)
    TIM5_IRQHandler                          0x080001db   Thumb Code     0  startup_stm32f429_439xx.o(.text)
    TIM6_DAC_IRQHandler                      0x080001db   Thumb Code     0  startup_stm32f429_439xx.o(.text)
    TIM7_IRQHandler                          0x080001db   Thumb Code     0  startup_stm32f429_439xx.o(.text)
    TIM8_BRK_TIM12_IRQHandler                0x080001db   Thumb Code     0  startup_stm32f429_439xx.o(.text)
    TIM8_CC_IRQHandler                       0x080001db   Thumb Code     0  startup_stm32f429_439xx.o(.text)
    TIM8_TRG_COM_TIM14_IRQHandler            0x080001db   Thumb Code     0  startup_stm32f429_439xx.o(.text)
    TIM8_UP_TIM13_IRQHandler                 0x080001db   Thumb Code     0  startup_stm32f429_439xx.o(.text)
    UART4_IRQHandler                         0x080001db   Thumb Code     0  startup_stm32f429_439xx.o(.text)
    UART5_IRQHandler                         0x080001db   Thumb Code     0  startup_stm32f429_439xx.o(.text)
    UART7_IRQHandler                         0x080001db   Thumb Code     0  startup_stm32f429_439xx.o(.text)
    UART8_IRQHandler                         0x080001db   Thumb Code     0  startup_stm32f429_439xx.o(.text)
    USART2_IRQHandler                        0x080001db   Thumb Code     0  startup_stm32f429_439xx.o(.text)
    USART3_IRQHandler                        0x080001db   Thumb Code     0  startup_stm32f429_439xx.o(.text)
    USART6_IRQHandler                        0x080001db   Thumb Code     0  startup_stm32f429_439xx.o(.text)
    WWDG_IRQHandler                          0x080001db   Thumb Code     0  startup_stm32f429_439xx.o(.text)
    __aeabi_i2d                              0x080001e5   Thumb Code    34  dflti.o(.text)
    __aeabi_f2d                              0x08000207   Thumb Code    38  f2d.o(.text)
    __aeabi_cdrcmple                         0x0800022d   Thumb Code    48  cdrcmple.o(.text)
    __aeabi_uidiv                            0x0800025d   Thumb Code     0  uidiv.o(.text)
    __aeabi_uidivmod                         0x0800025d   Thumb Code    44  uidiv.o(.text)
    __aeabi_uldivmod                         0x08000289   Thumb Code    98  uldiv.o(.text)
    __I$use$fp                               0x080002eb   Thumb Code     0  iusefp.o(.text)
    _double_round                            0x080002eb   Thumb Code    30  depilogue.o(.text)
    _double_epilogue                         0x08000309   Thumb Code   156  depilogue.o(.text)
    __aeabi_dadd                             0x080003a5   Thumb Code   322  dadd.o(.text)
    __aeabi_dsub                             0x080004e7   Thumb Code     6  dadd.o(.text)
    __aeabi_drsub                            0x080004ed   Thumb Code     6  dadd.o(.text)
    __aeabi_dmul                             0x080004f3   Thumb Code   228  dmul.o(.text)
    __aeabi_ddiv                             0x080005d7   Thumb Code   222  ddiv.o(.text)
    __aeabi_d2ulz                            0x080006b5   Thumb Code    48  dfixul.o(.text)
    __scatterload                            0x080006e5   Thumb Code    28  init.o(.text)
    __scatterload_rt2                        0x080006e5   Thumb Code     0  init.o(.text)
    __aeabi_llsl                             0x08000709   Thumb Code    30  llshl.o(.text)
    _ll_shift_l                              0x08000709   Thumb Code     0  llshl.o(.text)
    __aeabi_llsr                             0x08000727   Thumb Code    32  llushr.o(.text)
    _ll_ushift_r                             0x08000727   Thumb Code     0  llushr.o(.text)
    __aeabi_lasr                             0x08000747   Thumb Code    36  llsshr.o(.text)
    _ll_sshift_r                             0x08000747   Thumb Code     0  llsshr.o(.text)
    BusFault_Handler                         0x0800076b   Thumb Code     4  stm32f4xx_it.o(i.BusFault_Handler)
    DeSmartSensorPacketData                  0x08000771   Thumb Code  1482  smartsensor.o(i.DeSmartSensorPacketData)
    DebugMon_Handler                         0x08000d41   Thumb Code     2  stm32f4xx_it.o(i.DebugMon_Handler)
    GPIO_Init                                0x08000d43   Thumb Code   144  stm32f4xx_gpio.o(i.GPIO_Init)
    GPIO_PinAFConfig                         0x08000dd3   Thumb Code    70  stm32f4xx_gpio.o(i.GPIO_PinAFConfig)
    GPIO_ResetBits                           0x08000e19   Thumb Code     4  stm32f4xx_gpio.o(i.GPIO_ResetBits)
    GPIO_SetBits                             0x08000e1d   Thumb Code     4  stm32f4xx_gpio.o(i.GPIO_SetBits)
    HardFault_Handler                        0x08000e21   Thumb Code     4  stm32f4xx_it.o(i.HardFault_Handler)
    MemManage_Handler                        0x08000e25   Thumb Code     4  stm32f4xx_it.o(i.MemManage_Handler)
    NMI_Handler                              0x08000e29   Thumb Code     2  stm32f4xx_it.o(i.NMI_Handler)
    NVIC_Init                                0x08000e2d   Thumb Code   106  misc.o(i.NVIC_Init)
    PendSV_Handler                           0x08000ea5   Thumb Code     2  stm32f4xx_it.o(i.PendSV_Handler)
    RCC_AHB1PeriphClockCmd                   0x08000ea9   Thumb Code    26  stm32f4xx_rcc.o(i.RCC_AHB1PeriphClockCmd)
    RCC_APB1PeriphClockCmd                   0x08000ec9   Thumb Code    26  stm32f4xx_rcc.o(i.RCC_APB1PeriphClockCmd)
    RCC_APB1PeriphResetCmd                   0x08000ee9   Thumb Code    26  stm32f4xx_rcc.o(i.RCC_APB1PeriphResetCmd)
    RCC_APB2PeriphClockCmd                   0x08000f09   Thumb Code    26  stm32f4xx_rcc.o(i.RCC_APB2PeriphClockCmd)
    RCC_APB2PeriphResetCmd                   0x08000f29   Thumb Code    26  stm32f4xx_rcc.o(i.RCC_APB2PeriphResetCmd)
    RCC_GetClocksFreq                        0x08000f49   Thumb Code   214  stm32f4xx_rcc.o(i.RCC_GetClocksFreq)
    RCC_TIMCLKPresConfig                     0x08001031   Thumb Code     6  stm32f4xx_rcc.o(i.RCC_TIMCLKPresConfig)
    SPI_Cmd                                  0x0800103d   Thumb Code    24  stm32f4xx_spi.o(i.SPI_Cmd)
    SPI_I2S_GetFlagStatus                    0x08001055   Thumb Code    18  stm32f4xx_spi.o(i.SPI_I2S_GetFlagStatus)
    SPI_Init                                 0x08001067   Thumb Code    60  stm32f4xx_spi.o(i.SPI_Init)
    SPI_StructInit                           0x080010a3   Thumb Code    24  stm32f4xx_spi.o(i.SPI_StructInit)
    SVC_Handler                              0x080010bb   Thumb Code     2  stm32f4xx_it.o(i.SVC_Handler)
    SmartSensorCMD_RX                        0x080011e1   Thumb Code    16  smartsensor.o(i.SmartSensorCMD_RX)
    SmartSensorCMD_TX                        0x080011f1   Thumb Code    24  smartsensor.o(i.SmartSensorCMD_TX)
    SysTick_Handler                          0x0800120d   Thumb Code     2  stm32f4xx_it.o(i.SysTick_Handler)
    SystemInit                               0x08001211   Thumb Code    88  system_stm32f4xx.o(i.SystemInit)
    TIM2_IRQHandler                          0x08001279   Thumb Code    28  stm32f4xx_it.o(i.TIM2_IRQHandler)
    TIM_ClearFlag                            0x08001299   Thumb Code     6  stm32f4xx_tim.o(i.TIM_ClearFlag)
    TIM_ClearITPendingBit                    0x0800129f   Thumb Code     6  stm32f4xx_tim.o(i.TIM_ClearITPendingBit)
    TIM_Cmd                                  0x080012a5   Thumb Code    24  stm32f4xx_tim.o(i.TIM_Cmd)
    TIM_Configuration                        0x080012bd   Thumb Code   126  hw_config.o(i.TIM_Configuration)
    TIM_DeInit                               0x08001341   Thumb Code   346  stm32f4xx_tim.o(i.TIM_DeInit)
    TIM_ITConfig                             0x080014d1   Thumb Code    18  stm32f4xx_tim.o(i.TIM_ITConfig)
    TIM_SetCounter                           0x080014e3   Thumb Code     4  stm32f4xx_tim.o(i.TIM_SetCounter)
    TIM_TimeBaseInit                         0x080014e9   Thumb Code   104  stm32f4xx_tim.o(i.TIM_TimeBaseInit)
    TM_ILI9341_Delay                         0x0800156d   Thumb Code    18  tm_stm32f4_ili9341.o(i.TM_ILI9341_Delay)
    TM_ILI9341_DrawLine                      0x0800157f   Thumb Code   270  tm_stm32f4_ili9341.o(i.TM_ILI9341_DrawLine)
    TM_ILI9341_DrawPixel                     0x0800168d   Thumb Code    40  tm_stm32f4_ili9341.o(i.TM_ILI9341_DrawPixel)
    TM_ILI9341_DrawRectangle                 0x080016b5   Thumb Code    74  tm_stm32f4_ili9341.o(i.TM_ILI9341_DrawRectangle)
    TM_ILI9341_Fill                          0x08001701   Thumb Code    68  tm_stm32f4_ili9341.o(i.TM_ILI9341_Fill)
    TM_ILI9341_Init                          0x08001749   Thumb Code   148  tm_stm32f4_ili9341.o(i.TM_ILI9341_Init)
    TM_ILI9341_InitLCD                       0x080017f5   Thumb Code   590  tm_stm32f4_ili9341.o(i.TM_ILI9341_InitLCD)
    TM_ILI9341_Putc                          0x08001a51   Thumb Code   172  tm_stm32f4_ili9341.o(i.TM_ILI9341_Putc)
    TM_ILI9341_Puts                          0x08001b09   Thumb Code   118  tm_stm32f4_ili9341.o(i.TM_ILI9341_Puts)
    TM_ILI9341_Rotate                        0x08001b89   Thumb Code    96  tm_stm32f4_ili9341.o(i.TM_ILI9341_Rotate)
    TM_ILI9341_SendCommand                   0x08001bed   Thumb Code    40  tm_stm32f4_ili9341.o(i.TM_ILI9341_SendCommand)
    TM_ILI9341_SendData                      0x08001c21   Thumb Code    40  tm_stm32f4_ili9341.o(i.TM_ILI9341_SendData)
    TM_ILI9341_SetCursorPosition             0x08001c55   Thumb Code    76  tm_stm32f4_ili9341.o(i.TM_ILI9341_SetCursorPosition)
    TM_SPI1_Init                             0x08001ca1   Thumb Code   212  tm_stm32f4_spi.o(i.TM_SPI1_Init)
    TM_SPI2_Init                             0x08001d81   Thumb Code   236  tm_stm32f4_spi.o(i.TM_SPI2_Init)
    TM_SPI3_Init                             0x08001e79   Thumb Code   212  tm_stm32f4_spi.o(i.TM_SPI3_Init)
    TM_SPI4_Init                             0x08001f59   Thumb Code   214  tm_stm32f4_spi.o(i.TM_SPI4_Init)
    TM_SPI5_Init                             0x08002039   Thumb Code   236  tm_stm32f4_spi.o(i.TM_SPI5_Init)
    TM_SPI6_Init                             0x08002131   Thumb Code   158  tm_stm32f4_spi.o(i.TM_SPI6_Init)
    TM_SPI_Init                              0x080021d9   Thumb Code    78  tm_stm32f4_spi.o(i.TM_SPI_Init)
    TM_SPI_Send                              0x08002241   Thumb Code    56  tm_stm32f4_spi.o(i.TM_SPI_Send)
    TimerReset                               0x08002279   Thumb Code    32  hw_config.o(i.TimerReset)
    TimerStart                               0x08002299   Thumb Code    28  hw_config.o(i.TimerStart)
    TimerStop                                0x080022b9   Thumb Code    14  hw_config.o(i.TimerStop)
    UART1_Init                               0x080022c9   Thumb Code   142  hw_config.o(i.UART1_Init)
    UART6_Init                               0x08002361   Thumb Code   142  hw_config.o(i.UART6_Init)
    USART1_IRQHandler                        0x080023f9   Thumb Code    80  stm32f4xx_it.o(i.USART1_IRQHandler)
    USART6_Gets                              0x08002451   Thumb Code   118  hw_config.o(i.USART6_Gets)
    USART6_Putc                              0x080024e9   Thumb Code    28  hw_config.o(i.USART6_Putc)
    USART6_Puts                              0x08002509   Thumb Code    38  hw_config.o(i.USART6_Puts)
    USART_Cmd                                0x08002535   Thumb Code    24  stm32f4xx_usart.o(i.USART_Cmd)
    USART_GetFlagStatus                      0x0800254d   Thumb Code    26  stm32f4xx_usart.o(i.USART_GetFlagStatus)
    USART_Init                               0x08002569   Thumb Code   204  stm32f4xx_usart.o(i.USART_Init)
    USART_ReceiveData                        0x0800263d   Thumb Code    10  stm32f4xx_usart.o(i.USART_ReceiveData)
    USART_SendData                           0x08002647   Thumb Code     8  stm32f4xx_usart.o(i.USART_SendData)
    UsageFault_Handler                       0x0800264f   Thumb Code     4  stm32f4xx_it.o(i.UsageFault_Handler)
    __0printf                                0x08002655   Thumb Code    22  printfa.o(i.__0printf)
    __1printf                                0x08002655   Thumb Code     0  printfa.o(i.__0printf)
    __2printf                                0x08002655   Thumb Code     0  printfa.o(i.__0printf)
    __c89printf                              0x08002655   Thumb Code     0  printfa.o(i.__0printf)
    printf                                   0x08002655   Thumb Code     0  printfa.o(i.__0printf)
    __hardfp_fabs                            0x08002675   Thumb Code    20  fabs.o(i.__hardfp_fabs)
    __scatterload_copy                       0x08002689   Thumb Code    14  handlers.o(i.__scatterload_copy)
    __scatterload_null                       0x08002697   Thumb Code     2  handlers.o(i.__scatterload_null)
    __scatterload_zeroinit                   0x08002699   Thumb Code    14  handlers.o(i.__scatterload_zeroinit)
    action_G0                                0x08002f3b   Thumb Code    88  main.o(i.action_G0)
    action_G50                               0x08002f93   Thumb Code    30  main.o(i.action_G50)
    fputc                                    0x08002fb1   Thumb Code    32  stm32f4xx_it.o(i.fputc)
    getGesture                               0x08002fd5   Thumb Code   484  main.o(i.getGesture)
    getSmartSensorValue                      0x08003215   Thumb Code    94  main.o(i.getSmartSensorValue)
    goSubGrafcet_G50                         0x0800329d   Thumb Code    44  main.o(i.goSubGrafcet_G50)
    grafcet_G0                               0x080032c9   Thumb Code   122  main.o(i.grafcet_G0)
    grafcet_G1_2                             0x08003343   Thumb Code    22  main.o(i.grafcet_G1_2)
    grafcet_G3                               0x08003359   Thumb Code    10  main.o(i.grafcet_G3)
    grafcet_G4                               0x08003363   Thumb Code    10  main.o(i.grafcet_G4)
    grafcet_G5                               0x0800336d   Thumb Code    12  main.o(i.grafcet_G5)
    grafcet_G50                              0x08003379   Thumb Code     6  main.o(i.grafcet_G50)
    grafcet_G51                              0x0800337f   Thumb Code    10  main.o(i.grafcet_G51)
    grafcet_G6                               0x08003389   Thumb Code    10  main.o(i.grafcet_G6)
    hw_config                                0x08003393   Thumb Code    28  hw_config.o(i.hw_config)
    initial_G0                               0x080033af   Thumb Code    48  main.o(i.initial_G0)
    initial_G5                               0x080033e1   Thumb Code   164  main.o(i.initial_G5)
    main                                     0x080034b1   Thumb Code    48  main.o(i.main)
    runBrushTooth                            0x080034e1   Thumb Code   116  main.o(i.runBrushTooth)
    showResult                               0x08003595   Thumb Code   212  main.o(i.showResult)
    transmitData                             0x080036d5   Thumb Code    10  main.o(i.transmitData)
    turnoff                                  0x080036e1   Thumb Code    10  main.o(i.turnoff)
    TM_Font7x10                              0x080036f4   Data        1900  tm_stm32f4_fonts.o(.constdata)
    TM_Font11x18                             0x08003e60   Data        3420  tm_stm32f4_fonts.o(.constdata)
    TM_Font16x26                             0x08004bbc   Data        4940  tm_stm32f4_fonts.o(.constdata)
    Region$$Table$$Base                      0x08005f08   Number         0  anon$$obj.o(Region$$Table)
    Region$$Table$$Limit                     0x08005f28   Number         0  anon$$obj.o(Region$$Table)
    HSEStartUpStatus                         0x20000010   Data           1  hw_config.o(.data)
    TimeOutFlag                              0x20000011   Data           1  hw_config.o(.data)
    cc                                       0x20000014   Data           3  main.o(.data)
    tmp                                      0x20000018   Data           4  main.o(.data)
    c                                        0x2000001c   Data          20  main.o(.data)
    s                                        0x20000030   Data           1  main.o(.data)
    i                                        0x20000034   Data           4  main.o(.data)
    U_direction                              0x20000038   Data          20  main.o(.data)
    D_direction                              0x2000004c   Data          20  main.o(.data)
    N_direction                              0x20000060   Data          20  main.o(.data)
    initial_x                                0x20000074   Data           4  main.o(.data)
    initial_y                                0x20000078   Data           4  main.o(.data)
    initial_z                                0x2000007c   Data           4  main.o(.data)
    x                                        0x20000080   Data           4  main.o(.data)
    y                                        0x20000084   Data           4  main.o(.data)
    z                                        0x20000088   Data           4  main.o(.data)
    tmpx                                     0x2000008c   Data           4  main.o(.data)
    tmpy                                     0x20000090   Data           4  main.o(.data)
    tmpz                                     0x20000094   Data           4  main.o(.data)
    L_direction                              0x20000098   Data          20  main.o(.data)
    R_direction                              0x200000ac   Data          20  main.o(.data)
    flag_LR                                  0x200000c0   Data           4  main.o(.data)
    count                                    0x200000c4   Data           4  main.o(.data)
    flag_temp                                0x200000c8   Data           1  main.o(.data)
    flag_acc                                 0x200000c9   Data           1  main.o(.data)
    flag_mag                                 0x200000ca   Data           1  main.o(.data)
    Usart_buf                                0x200000cb   Data           2  stm32f4xx_it.o(.data)
    SystemCoreClock                          0x200000d0   Data           4  system_stm32f4xx.o(.data)
    AHBPrescTable                            0x200000d4   Data          16  system_stm32f4xx.o(.data)
    TM_Font_7x10                             0x200000e4   Data           8  tm_stm32f4_fonts.o(.data)
    TM_Font_11x18                            0x200000ec   Data           8  tm_stm32f4_fonts.o(.data)
    TM_Font_16x26                            0x200000f4   Data           8  tm_stm32f4_fonts.o(.data)
    ILI9341_x                                0x200000fc   Data           2  tm_stm32f4_ili9341.o(.data)
    ILI9341_y                                0x200000fe   Data           2  tm_stm32f4_ili9341.o(.data)
    ILI9341_Opts                             0x20000100   Data           6  tm_stm32f4_ili9341.o(.data)
    ILI9341_INT_CalledFromPuts               0x20000106   Data           1  tm_stm32f4_ili9341.o(.data)
    __stdout                                 0x20000108   Data           4  stdout.o(.data)
    SmartSensorData                          0x2000010c   Data          12  smartsensor.o(.bss)
    SData                                    0x20000118   Data          80  smartsensor.o(.bss)
    RxBuffer                                 0x20000168   Data         200  main.o(.bss)
    __initial_sp                             0x20000630   Data           0  startup_stm32f429_439xx.o(STACK)



==============================================================================

Memory Map of the image

  Image Entry point : 0x080001ad

  Load Region LR_IROM1 (Base: 0x08000000, Size: 0x00006034, Max: 0x00200000, ABSOLUTE)

    Execution Region ER_IROM1 (Base: 0x08000000, Size: 0x00005f28, Max: 0x00200000, ABSOLUTE)

    Base Addr    Size         Type   Attr      Idx    E Section Name        Object

    0x08000000   0x000001ac   Data   RO            3    RESET               startup_stm32f429_439xx.o
    0x080001ac   0x00000000   Code   RO         2898  * .ARM.Collect$$$$00000000  mc_w.l(entry.o)
    0x080001ac   0x00000004   Code   RO         3168    .ARM.Collect$$$$00000001  mc_w.l(entry2.o)
    0x080001b0   0x00000004   Code   RO         3171    .ARM.Collect$$$$00000004  mc_w.l(entry5.o)
    0x080001b4   0x00000000   Code   RO         3173    .ARM.Collect$$$$00000008  mc_w.l(entry7b.o)
    0x080001b4   0x00000000   Code   RO         3175    .ARM.Collect$$$$0000000A  mc_w.l(entry8b.o)
    0x080001b4   0x00000008   Code   RO         3176    .ARM.Collect$$$$0000000B  mc_w.l(entry9a.o)
    0x080001bc   0x00000000   Code   RO         3178    .ARM.Collect$$$$0000000D  mc_w.l(entry10a.o)
    0x080001bc   0x00000000   Code   RO         3180    .ARM.Collect$$$$0000000F  mc_w.l(entry11a.o)
    0x080001bc   0x00000004   Code   RO         3169    .ARM.Collect$$$$00002712  mc_w.l(entry2.o)
    0x080001c0   0x00000024   Code   RO            4    .text               startup_stm32f429_439xx.o
    0x080001e4   0x00000022   Code   RO         3162    .text               mf_w.l(dflti.o)
    0x08000206   0x00000026   Code   RO         3164    .text               mf_w.l(f2d.o)
    0x0800022c   0x00000030   Code   RO         3166    .text               mf_w.l(cdrcmple.o)
    0x0800025c   0x0000002c   Code   RO         3183    .text               mc_w.l(uidiv.o)
    0x08000288   0x00000062   Code   RO         3185    .text               mc_w.l(uldiv.o)
    0x080002ea   0x00000000   Code   RO         3187    .text               mc_w.l(iusefp.o)
    0x080002ea   0x000000ba   Code   RO         3188    .text               mf_w.l(depilogue.o)
    0x080003a4   0x0000014e   Code   RO         3190    .text               mf_w.l(dadd.o)
    0x080004f2   0x000000e4   Code   RO         3192    .text               mf_w.l(dmul.o)
    0x080005d6   0x000000de   Code   RO         3194    .text               mf_w.l(ddiv.o)
    0x080006b4   0x00000030   Code   RO         3196    .text               mf_w.l(dfixul.o)
    0x080006e4   0x00000024   Code   RO         3198    .text               mc_w.l(init.o)
    0x08000708   0x0000001e   Code   RO         3200    .text               mc_w.l(llshl.o)
    0x08000726   0x00000020   Code   RO         3202    .text               mc_w.l(llushr.o)
    0x08000746   0x00000024   Code   RO         3204    .text               mc_w.l(llsshr.o)
    0x0800076a   0x00000004   Code   RO         2138    i.BusFault_Handler  stm32f4xx_it.o
    0x0800076e   0x00000002   PAD
    0x08000770   0x000005d0   Code   RO         1802    i.DeSmartSensorPacketData  smartsensor.o
    0x08000d40   0x00000002   Code   RO         2139    i.DebugMon_Handler  stm32f4xx_it.o
    0x08000d42   0x00000090   Code   RO           13    i.GPIO_Init         stm32f4xx_gpio.o
    0x08000dd2   0x00000046   Code   RO           14    i.GPIO_PinAFConfig  stm32f4xx_gpio.o
    0x08000e18   0x00000004   Code   RO           20    i.GPIO_ResetBits    stm32f4xx_gpio.o
    0x08000e1c   0x00000004   Code   RO           21    i.GPIO_SetBits      stm32f4xx_gpio.o
    0x08000e20   0x00000004   Code   RO         2141    i.HardFault_Handler  stm32f4xx_it.o
    0x08000e24   0x00000004   Code   RO         2142    i.MemManage_Handler  stm32f4xx_it.o
    0x08000e28   0x00000002   Code   RO         2143    i.NMI_Handler       stm32f4xx_it.o
    0x08000e2a   0x00000002   PAD
    0x08000e2c   0x00000078   Code   RO         1299    i.NVIC_Init         misc.o
    0x08000ea4   0x00000002   Code   RO         2144    i.PendSV_Handler    stm32f4xx_it.o
    0x08000ea6   0x00000002   PAD
    0x08000ea8   0x00000020   Code   RO          409    i.RCC_AHB1PeriphClockCmd  stm32f4xx_rcc.o
    0x08000ec8   0x00000020   Code   RO          418    i.RCC_APB1PeriphClockCmd  stm32f4xx_rcc.o
    0x08000ee8   0x00000020   Code   RO          420    i.RCC_APB1PeriphResetCmd  stm32f4xx_rcc.o
    0x08000f08   0x00000020   Code   RO          421    i.RCC_APB2PeriphClockCmd  stm32f4xx_rcc.o
    0x08000f28   0x00000020   Code   RO          423    i.RCC_APB2PeriphResetCmd  stm32f4xx_rcc.o
    0x08000f48   0x000000e8   Code   RO          430    i.RCC_GetClocksFreq  stm32f4xx_rcc.o
    0x08001030   0x0000000c   Code   RO          459    i.RCC_TIMCLKPresConfig  stm32f4xx_rcc.o
    0x0800103c   0x00000018   Code   RO         1349    i.SPI_Cmd           stm32f4xx_spi.o
    0x08001054   0x00000012   Code   RO         1357    i.SPI_I2S_GetFlagStatus  stm32f4xx_spi.o
    0x08001066   0x0000003c   Code   RO         1362    i.SPI_Init          stm32f4xx_spi.o
    0x080010a2   0x00000018   Code   RO         1365    i.SPI_StructInit    stm32f4xx_spi.o
    0x080010ba   0x00000002   Code   RO         2145    i.SVC_Handler       stm32f4xx_it.o
    0x080010bc   0x00000124   Code   RO         2243    i.SetSysClock       system_stm32f4xx.o
    0x080011e0   0x00000010   Code   RO         1803    i.SmartSensorCMD_RX  smartsensor.o
    0x080011f0   0x0000001c   Code   RO         1804    i.SmartSensorCMD_TX  smartsensor.o
    0x0800120c   0x00000002   Code   RO         2146    i.SysTick_Handler   stm32f4xx_it.o
    0x0800120e   0x00000002   PAD
    0x08001210   0x00000068   Code   RO         2245    i.SystemInit        system_stm32f4xx.o
    0x08001278   0x00000020   Code   RO         2147    i.TIM2_IRQHandler   stm32f4xx_it.o
    0x08001298   0x00000006   Code   RO          747    i.TIM_ClearFlag     stm32f4xx_tim.o
    0x0800129e   0x00000006   Code   RO          748    i.TIM_ClearITPendingBit  stm32f4xx_tim.o
    0x080012a4   0x00000018   Code   RO          753    i.TIM_Cmd           stm32f4xx_tim.o
    0x080012bc   0x00000084   Code   RO         1851    i.TIM_Configuration  hw_config.o
    0x08001340   0x00000190   Code   RO          758    i.TIM_DeInit        stm32f4xx_tim.o
    0x080014d0   0x00000012   Code   RO          778    i.TIM_ITConfig      stm32f4xx_tim.o
    0x080014e2   0x00000004   Code   RO          819    i.TIM_SetCounter    stm32f4xx_tim.o
    0x080014e6   0x00000002   PAD
    0x080014e8   0x00000084   Code   RO          825    i.TIM_TimeBaseInit  stm32f4xx_tim.o
    0x0800156c   0x00000012   Code   RO         2464    i.TM_ILI9341_Delay  tm_stm32f4_ili9341.o
    0x0800157e   0x0000010e   Code   RO         2468    i.TM_ILI9341_DrawLine  tm_stm32f4_ili9341.o
    0x0800168c   0x00000028   Code   RO         2469    i.TM_ILI9341_DrawPixel  tm_stm32f4_ili9341.o
    0x080016b4   0x0000004a   Code   RO         2470    i.TM_ILI9341_DrawRectangle  tm_stm32f4_ili9341.o
    0x080016fe   0x00000002   PAD
    0x08001700   0x00000048   Code   RO         2471    i.TM_ILI9341_Fill   tm_stm32f4_ili9341.o
    0x08001748   0x000000ac   Code   RO         2473    i.TM_ILI9341_Init   tm_stm32f4_ili9341.o
    0x080017f4   0x0000025c   Code   RO         2474    i.TM_ILI9341_InitLCD  tm_stm32f4_ili9341.o
    0x08001a50   0x000000b8   Code   RO         2475    i.TM_ILI9341_Putc   tm_stm32f4_ili9341.o
    0x08001b08   0x00000080   Code   RO         2476    i.TM_ILI9341_Puts   tm_stm32f4_ili9341.o
    0x08001b88   0x00000064   Code   RO         2477    i.TM_ILI9341_Rotate  tm_stm32f4_ili9341.o
    0x08001bec   0x00000034   Code   RO         2478    i.TM_ILI9341_SendCommand  tm_stm32f4_ili9341.o
    0x08001c20   0x00000034   Code   RO         2479    i.TM_ILI9341_SendData  tm_stm32f4_ili9341.o
    0x08001c54   0x0000004c   Code   RO         2480    i.TM_ILI9341_SetCursorPosition  tm_stm32f4_ili9341.o
    0x08001ca0   0x000000e0   Code   RO         2590    i.TM_SPI1_Init      tm_stm32f4_spi.o
    0x08001d80   0x000000f8   Code   RO         2591    i.TM_SPI2_Init      tm_stm32f4_spi.o
    0x08001e78   0x000000e0   Code   RO         2592    i.TM_SPI3_Init      tm_stm32f4_spi.o
    0x08001f58   0x000000e0   Code   RO         2593    i.TM_SPI4_Init      tm_stm32f4_spi.o
    0x08002038   0x000000f8   Code   RO         2594    i.TM_SPI5_Init      tm_stm32f4_spi.o
    0x08002130   0x000000a8   Code   RO         2595    i.TM_SPI6_Init      tm_stm32f4_spi.o
    0x080021d8   0x00000068   Code   RO         2596    i.TM_SPI_Init       tm_stm32f4_spi.o
    0x08002240   0x00000038   Code   RO         2598    i.TM_SPI_Send       tm_stm32f4_spi.o
    0x08002278   0x00000020   Code   RO         1852    i.TimerReset        hw_config.o
    0x08002298   0x00000020   Code   RO         1853    i.TimerStart        hw_config.o
    0x080022b8   0x0000000e   Code   RO         1854    i.TimerStop         hw_config.o
    0x080022c6   0x00000002   PAD
    0x080022c8   0x00000098   Code   RO         1855    i.UART1_Init        hw_config.o
    0x08002360   0x00000098   Code   RO         1857    i.UART6_Init        hw_config.o
    0x080023f8   0x00000058   Code   RO         2148    i.USART1_IRQHandler  stm32f4xx_it.o
    0x08002450   0x00000098   Code   RO         1864    i.USART6_Gets       hw_config.o
    0x080024e8   0x00000020   Code   RO         1865    i.USART6_Putc       hw_config.o
    0x08002508   0x0000002c   Code   RO         1866    i.USART6_Puts       hw_config.o
    0x08002534   0x00000018   Code   RO          225    i.USART_Cmd         stm32f4xx_usart.o
    0x0800254c   0x0000001a   Code   RO          228    i.USART_GetFlagStatus  stm32f4xx_usart.o
    0x08002566   0x00000002   PAD
    0x08002568   0x000000d4   Code   RO          232    i.USART_Init        stm32f4xx_usart.o
    0x0800263c   0x0000000a   Code   RO          239    i.USART_ReceiveData  stm32f4xx_usart.o
    0x08002646   0x00000008   Code   RO          242    i.USART_SendData    stm32f4xx_usart.o
    0x0800264e   0x00000004   Code   RO         2149    i.UsageFault_Handler  stm32f4xx_it.o
    0x08002652   0x00000002   PAD
    0x08002654   0x00000020   Code   RO         3134    i.__0printf         mc_w.l(printfa.o)
    0x08002674   0x00000014   Code   RO         2892    i.__hardfp_fabs     m_wm.l(fabs.o)
    0x08002688   0x0000000e   Code   RO         3208    i.__scatterload_copy  mc_w.l(handlers.o)
    0x08002696   0x00000002   Code   RO         3209    i.__scatterload_null  mc_w.l(handlers.o)
    0x08002698   0x0000000e   Code   RO         3210    i.__scatterload_zeroinit  mc_w.l(handlers.o)
    0x080026a6   0x00000002   PAD
    0x080026a8   0x00000164   Code   RO         3141    i._fp_digits        mc_w.l(printfa.o)
    0x0800280c   0x000006dc   Code   RO         3142    i._printf_core      mc_w.l(printfa.o)
    0x08002ee8   0x00000024   Code   RO         3143    i._printf_post_padding  mc_w.l(printfa.o)
    0x08002f0c   0x0000002e   Code   RO         3144    i._printf_pre_padding  mc_w.l(printfa.o)
    0x08002f3a   0x00000058   Code   RO         1976    i.action_G0         main.o
    0x08002f92   0x0000001e   Code   RO         1977    i.action_G50        main.o
    0x08002fb0   0x00000024   Code   RO         2151    i.fputc             stm32f4xx_it.o
    0x08002fd4   0x00000240   Code   RO         1978    i.getGesture        main.o
    0x08003214   0x00000088   Code   RO         1979    i.getSmartSensorValue  main.o
    0x0800329c   0x0000002c   Code   RO         1980    i.goSubGrafcet_G50  main.o
    0x080032c8   0x0000007a   Code   RO         1982    i.grafcet_G0        main.o
    0x08003342   0x00000016   Code   RO         1983    i.grafcet_G1_2      main.o
    0x08003358   0x0000000a   Code   RO         1984    i.grafcet_G3        main.o
    0x08003362   0x0000000a   Code   RO         1985    i.grafcet_G4        main.o
    0x0800336c   0x0000000c   Code   RO         1986    i.grafcet_G5        main.o
    0x08003378   0x00000006   Code   RO         1987    i.grafcet_G50       main.o
    0x0800337e   0x0000000a   Code   RO         1988    i.grafcet_G51       main.o
    0x08003388   0x0000000a   Code   RO         1989    i.grafcet_G6        main.o
    0x08003392   0x0000001c   Code   RO         1867    i.hw_config         hw_config.o
    0x080033ae   0x00000030   Code   RO         1990    i.initial_G0        main.o
    0x080033de   0x00000002   PAD
    0x080033e0   0x000000d0   Code   RO         1991    i.initial_G5        main.o
    0x080034b0   0x00000030   Code   RO         1992    i.main              main.o
    0x080034e0   0x000000b4   Code   RO         1993    i.runBrushTooth     main.o
    0x08003594   0x00000140   Code   RO         1994    i.showResult        main.o
    0x080036d4   0x0000000a   Code   RO         1995    i.transmitData      main.o
    0x080036de   0x00000002   PAD
    0x080036e0   0x00000014   Code   RO         1996    i.turnoff           main.o
    0x080036f4   0x00002814   Data   RO         2339    .constdata          tm_stm32f4_fonts.o
    0x08005f08   0x00000020   Data   RO         3206    Region$$Table       anon$$obj.o


    Execution Region RW_IRAM1 (Base: 0x20000000, Size: 0x00000630, Max: 0x00030000, ABSOLUTE)

    Base Addr    Size         Type   Attr      Idx    E Section Name        Object

    0x20000000   0x00000010   Data   RW          461    .data               stm32f4xx_rcc.o
    0x20000010   0x00000002   Data   RW         1869    .data               hw_config.o
    0x20000012   0x00000002   PAD
    0x20000014   0x000000b7   Data   RW         1998    .data               main.o
    0x200000cb   0x00000002   Data   RW         2152    .data               stm32f4xx_it.o
    0x200000cd   0x00000003   PAD
    0x200000d0   0x00000014   Data   RW         2246    .data               system_stm32f4xx.o
    0x200000e4   0x00000018   Data   RW         2340    .data               tm_stm32f4_fonts.o
    0x200000fc   0x0000000b   Data   RW         2481    .data               tm_stm32f4_ili9341.o
    0x20000107   0x00000001   PAD
    0x20000108   0x00000004   Data   RW         3182    .data               mc_w.l(stdout.o)
    0x2000010c   0x0000005c   Zero   RW         1805    .bss                smartsensor.o
    0x20000168   0x000000c8   Zero   RW         1997    .bss                main.o
    0x20000230   0x00000400   Zero   RW            1    STACK               startup_stm32f429_439xx.o


==============================================================================

Image component sizes


      Code (inc. data)   RO Data    RW Data    ZI Data      Debug   Object Name

       770         74          0          2          0       5969   hw_config.o
      1910        360          0        183        200      12359   main.o
       120         14          0          0          0       1116   misc.o
      1532         70          0          0         92       6066   smartsensor.o
        36          8        428          0       1024        856   startup_stm32f429_439xx.o
       222          0          0          0          0     299067   stm32f4xx_gpio.o
       182         16          0          2          0       6374   stm32f4xx_it.o
       404         54          0         16          0       6728   stm32f4xx_rcc.o
       126          0          0          0          0       3138   stm32f4xx_spi.o
       590         82          0          0          0       5198   stm32f4xx_tim.o
       280          8          0          0          0       4072   stm32f4xx_usart.o
       396         34          0         20          0       1857   system_stm32f4xx.o
         0          0      10260         24          0       1177   tm_stm32f4_fonts.o
      1842         92          0         11          0      14439   tm_stm32f4_ili9341.o
      1496         94          0          0          0       5822   tm_stm32f4_spi.o

    ----------------------------------------------------------------------
      9928        906      10720        264       1316     374238   Object Totals
         0          0         32          0          0          0   (incl. Generated)
        22          0          0          6          0          0   (incl. Padding)

    ----------------------------------------------------------------------

      Code (inc. data)   RO Data    RW Data    ZI Data      Debug   Library Member Name

        20          0          0          0          0        124   fabs.o
         0          0          0          0          0          0   entry.o
         0          0          0          0          0          0   entry10a.o
         0          0          0          0          0          0   entry11a.o
         8          4          0          0          0          0   entry2.o
         4          0          0          0          0          0   entry5.o
         0          0          0          0          0          0   entry7b.o
         0          0          0          0          0          0   entry8b.o
         8          4          0          0          0          0   entry9a.o
        30          0          0          0          0          0   handlers.o
        36          8          0          0          0         68   init.o
         0          0          0          0          0          0   iusefp.o
        30          0          0          0          0         68   llshl.o
        36          0          0          0          0         68   llsshr.o
        32          0          0          0          0         68   llushr.o
      2226         90          0          0          0        444   printfa.o
         0          0          0          4          0          0   stdout.o
        44          0          0          0          0         80   uidiv.o
        98          0          0          0          0         92   uldiv.o
        48          0          0          0          0         68   cdrcmple.o
       334          0          0          0          0        148   dadd.o
       222          0          0          0          0        100   ddiv.o
       186          0          0          0          0        176   depilogue.o
        48          0          0          0          0         68   dfixul.o
        34          0          0          0          0         76   dflti.o
       228          0          0          0          0         96   dmul.o
        38          0          0          0          0         68   f2d.o

    ----------------------------------------------------------------------
      3712        106          0          4          0       1812   Library Totals
         2          0          0          0          0          0   (incl. Padding)

    ----------------------------------------------------------------------

      Code (inc. data)   RO Data    RW Data    ZI Data      Debug   Library Name

        20          0          0          0          0        124   m_wm.l
      2552        106          0          4          0        888   mc_w.l
      1138          0          0          0          0        800   mf_w.l

    ----------------------------------------------------------------------
      3712        106          0          4          0       1812   Library Totals

    ----------------------------------------------------------------------

==============================================================================


      Code (inc. data)   RO Data    RW Data    ZI Data      Debug   

     13640       1012      10720        268       1316     366322   Grand Totals
     13640       1012      10720        268       1316     366322   ELF Image Totals
     13640       1012      10720        268          0          0   ROM Totals

==============================================================================

    Total RO  Size (Code + RO Data)                24360 (  23.79kB)
    Total RW  Size (RW Data + ZI Data)              1584 (   1.55kB)
    Total ROM Size (Code + RO Data + RW Data)      24628 (  24.05kB)

==============================================================================

